Archive member included to satisfy reference by file (symbol)

c:/progra~2/gnuarm~1/102020~1/bin/../lib/gcc/arm-none-eabi/10.2.1/thumb/v6-m/nofp\libgcc.a(_dvmd_tls.o)
                              CMakeFiles/Scoppppez.dir/C_/VSARM/sdk/pico/pico-sdk/src/rp2_common/pico_divider/divider.S.obj (__aeabi_idiv0)
c:/progra~2/gnuarm~1/102020~1/bin/../lib/gcc/arm-none-eabi/10.2.1/../../../../arm-none-eabi/lib/thumb/v6-m/nofp\libg.a(lib_a-calloc.o)
                              CMakeFiles/Scoppppez.dir/C_/VSARM/sdk/pico/pico-sdk/src/rp2_common/pico_malloc/pico_malloc.c.obj (calloc)
c:/progra~2/gnuarm~1/102020~1/bin/../lib/gcc/arm-none-eabi/10.2.1/../../../../arm-none-eabi/lib/thumb/v6-m/nofp\libg.a(lib_a-callocr.o)
                              c:/progra~2/gnuarm~1/102020~1/bin/../lib/gcc/arm-none-eabi/10.2.1/../../../../arm-none-eabi/lib/thumb/v6-m/nofp\libg.a(lib_a-calloc.o) (_calloc_r)
c:/progra~2/gnuarm~1/102020~1/bin/../lib/gcc/arm-none-eabi/10.2.1/../../../../arm-none-eabi/lib/thumb/v6-m/nofp\libg.a(lib_a-ctype_.o)
                              CMakeFiles/Scoppppez.dir/C_/VSARM/sdk/pico/pico-sdk/lib/tinyusb/src/tusb.c.obj (_ctype_)
c:/progra~2/gnuarm~1/102020~1/bin/../lib/gcc/arm-none-eabi/10.2.1/../../../../arm-none-eabi/lib/thumb/v6-m/nofp\libg.a(lib_a-impure.o)
                              c:/progra~2/gnuarm~1/102020~1/bin/../lib/gcc/arm-none-eabi/10.2.1/../../../../arm-none-eabi/lib/thumb/v6-m/nofp\libg.a(lib_a-calloc.o) (_impure_ptr)
c:/progra~2/gnuarm~1/102020~1/bin/../lib/gcc/arm-none-eabi/10.2.1/../../../../arm-none-eabi/lib/thumb/v6-m/nofp\libg.a(lib_a-init.o)
                              c:/progra~2/gnuarm~1/102020~1/bin/../lib/gcc/arm-none-eabi/10.2.1/../../../../arm-none-eabi/lib/thumb/v6-m/nofp/crt0.o (__libc_init_array)
c:/progra~2/gnuarm~1/102020~1/bin/../lib/gcc/arm-none-eabi/10.2.1/../../../../arm-none-eabi/lib/thumb/v6-m/nofp\libg.a(lib_a-malloc.o)
                              CMakeFiles/Scoppppez.dir/C_/VSARM/sdk/pico/pico-sdk/src/rp2_common/pico_malloc/pico_malloc.c.obj (malloc)
c:/progra~2/gnuarm~1/102020~1/bin/../lib/gcc/arm-none-eabi/10.2.1/../../../../arm-none-eabi/lib/thumb/v6-m/nofp\libg.a(lib_a-mallocr.o)
                              c:/progra~2/gnuarm~1/102020~1/bin/../lib/gcc/arm-none-eabi/10.2.1/../../../../arm-none-eabi/lib/thumb/v6-m/nofp\libg.a(lib_a-callocr.o) (_malloc_r)
c:/progra~2/gnuarm~1/102020~1/bin/../lib/gcc/arm-none-eabi/10.2.1/../../../../arm-none-eabi/lib/thumb/v6-m/nofp\libg.a(lib_a-mlock.o)
                              c:/progra~2/gnuarm~1/102020~1/bin/../lib/gcc/arm-none-eabi/10.2.1/../../../../arm-none-eabi/lib/thumb/v6-m/nofp\libg.a(lib_a-mallocr.o) (__malloc_lock)
c:/progra~2/gnuarm~1/102020~1/bin/../lib/gcc/arm-none-eabi/10.2.1/../../../../arm-none-eabi/lib/thumb/v6-m/nofp\libg.a(lib_a-sbrkr.o)
                              c:/progra~2/gnuarm~1/102020~1/bin/../lib/gcc/arm-none-eabi/10.2.1/../../../../arm-none-eabi/lib/thumb/v6-m/nofp\libg.a(lib_a-mallocr.o) (_sbrk_r)
c:/progra~2/gnuarm~1/102020~1/bin/../lib/gcc/arm-none-eabi/10.2.1/../../../../arm-none-eabi/lib/thumb/v6-m/nofp\libg.a(lib_a-strlen-stub.o)
                              CMakeFiles/Scoppppez.dir/C_/VSARM/sdk/pico/pico-sdk/src/rp2_common/pico_stdio/stdio.c.obj (strlen)
c:/progra~2/gnuarm~1/102020~1/bin/../lib/gcc/arm-none-eabi/10.2.1/../../../../arm-none-eabi/lib/thumb/v6-m/nofp\libg.a(lib_a-freer.o)
                              c:/progra~2/gnuarm~1/102020~1/bin/../lib/gcc/arm-none-eabi/10.2.1/../../../../arm-none-eabi/lib/thumb/v6-m/nofp\libg.a(lib_a-malloc.o) (_free_r)
c:/progra~2/gnuarm~1/102020~1/bin/../lib/gcc/arm-none-eabi/10.2.1/../../../../arm-none-eabi/lib/thumb/v6-m/nofp\libg.a(lib_a-lock.o)
                              c:/progra~2/gnuarm~1/102020~1/bin/../lib/gcc/arm-none-eabi/10.2.1/../../../../arm-none-eabi/lib/thumb/v6-m/nofp\libg.a(lib_a-mlock.o) (__retarget_lock_acquire_recursive)
c:/progra~2/gnuarm~1/102020~1/bin/../lib/gcc/arm-none-eabi/10.2.1/../../../../arm-none-eabi/lib/thumb/v6-m/nofp\libg.a(lib_a-reent.o)
                              c:/progra~2/gnuarm~1/102020~1/bin/../lib/gcc/arm-none-eabi/10.2.1/../../../../arm-none-eabi/lib/thumb/v6-m/nofp\libg.a(lib_a-sbrkr.o) (errno)

Discarded input sections

 .text          0x00000000        0x0 c:/progra~2/gnuarm~1/102020~1/bin/../lib/gcc/arm-none-eabi/10.2.1/thumb/v6-m/nofp/crti.o
 .data          0x00000000        0x0 c:/progra~2/gnuarm~1/102020~1/bin/../lib/gcc/arm-none-eabi/10.2.1/thumb/v6-m/nofp/crti.o
 .bss           0x00000000        0x0 c:/progra~2/gnuarm~1/102020~1/bin/../lib/gcc/arm-none-eabi/10.2.1/thumb/v6-m/nofp/crti.o
 .data          0x00000000        0x4 c:/progra~2/gnuarm~1/102020~1/bin/../lib/gcc/arm-none-eabi/10.2.1/thumb/v6-m/nofp/crtbegin.o
 .rodata        0x00000000       0x24 c:/progra~2/gnuarm~1/102020~1/bin/../lib/gcc/arm-none-eabi/10.2.1/thumb/v6-m/nofp/crtbegin.o
 .fini_array    0x00000000        0x4 c:/progra~2/gnuarm~1/102020~1/bin/../lib/gcc/arm-none-eabi/10.2.1/thumb/v6-m/nofp/crtbegin.o
[...]
Memory Configuration

Name             Origin             Length             Attributes
FLASH            0x10000000         0x00200000         xr
RAM              0x20000000         0x00040000         xrw
SCRATCH_X        0x20040000         0x00001000         xrw
SCRATCH_Y        0x20041000         0x00001000         xrw
*default*        0x00000000         0xffffffff

Linker script and memory map

LOAD c:/progra~2/gnuarm~1/102020~1/bin/../lib/gcc/arm-none-eabi/10.2.1/thumb/v6-m/nofp/crti.o
LOAD c:/progra~2/gnuarm~1/102020~1/bin/../lib/gcc/arm-none-eabi/10.2.1/thumb/v6-m/nofp/crtbegin.o
LOAD c:/progra~2/gnuarm~1/102020~1/bin/../lib/gcc/arm-none-eabi/10.2.1/../../../../arm-none-eabi/lib/thumb/v6-m/nofp/crt0.o

.flash_begin    0x10000000        0x0
                0x10000000                __flash_binary_start = .

.boot2          0x10000000      0x100
                0x10000000                __boot2_start__ = .
 *(.boot2)
 .boot2         0x10000000      0x100 C:\Users\10052\AppData\Local\Temp\cc4vn64L.o
                0x10000100                __boot2_end__ = .
                0x00000001                ASSERT (((__boot2_end__ - __boot2_start__) == 0x100), ERROR: Pico second stage bootloader must be 256 bytes in size)

.text           0x10000100     0x45d0
                0x10000100                __logical_binary_start = .
 *(.vectors)
 .vectors       0x10000100       0xd4 CMakeFiles/Scoppppez.dir/C_/VSARM/sdk/pico/pico-sdk/src/rp2_common/pico_standard_link/crt0.S.obj
                0x10000100                __VECTOR_TABLE
                0x10000100                __vectors
                0x100001c0                isr_invalid
                0x100001c0                __default_isrs_start
                0x100001c2                isr_nmi
                0x100001c4                isr_hardfault
                0x100001c6                isr_svcall
                0x100001c8                isr_pendsv
                0x100001ca                isr_systick
                0x100001cc                isr_irq23
                0x100001cc                isr_irq18
                0x100001cc                isr_irq11
                0x100001cc                isr_irq28
                0x100001cc                isr_irq19
                0x100001cc                isr_irq0
                0x100001cc                isr_irq6
                0x100001cc                isr_irq5
                0x100001cc                isr_irq12
                0x100001cc                isr_irq22
                0x100001cc                isr_irq31
                0x100001cc                isr_irq17
                0x100001cc                isr_irq27
                0x100001cc                isr_irq30
                0x100001cc                isr_irq2
                0x100001cc                isr_irq10
                0x100001cc                isr_irq8
                0x100001cc                isr_irq24
                0x100001cc                isr_irq1
                0x100001cc                isr_irq7
                0x100001cc                isr_irq21
                0x100001cc                isr_irq20
                0x100001cc                isr_irq15
                0x100001cc                isr_irq25
                0x100001cc                isr_irq13
                0x100001cc                __unhandled_user_irq
                0x100001cc                isr_irq4
                0x100001cc                isr_irq16
                0x100001cc                isr_irq29
                0x100001cc                isr_irq26
                0x100001cc                __default_isrs_end
                0x100001cc                isr_irq3
                0x100001cc                isr_irq14
                0x100001cc                isr_irq9
                0x100001d2                unhandled_user_irq_num_in_r0
 *(.binary_info_header)
 .binary_info_header
                0x100001d4       0x14 CMakeFiles/Scoppppez.dir/C_/VSARM/sdk/pico/pico-sdk/src/rp2_common/pico_standard_link/crt0.S.obj
                0x100001e8                __binary_info_header_end = .
 *(.reset)
 .reset         0x100001e8       0xa8 CMakeFiles/Scoppppez.dir/C_/VSARM/sdk/pico/pico-sdk/src/rp2_common/pico_standard_link/crt0.S.obj
                0x100001e8                _entry_point
                0x10000266                __get_current_exception
 .reset         0x10000290       0x30 CMakeFiles/Scoppppez.dir/C_/VSARM/sdk/pico/pico-sdk/src/rp2_common/pico_standard_link/binary_info.c.obj
 *(.init)
 .init          0x100002c0        0x4 c:/progra~2/gnuarm~1/102020~1/bin/../lib/gcc/arm-none-eabi/10.2.1/thumb/v6-m/nofp/crti.o
                0x100002c0                _init
 *(EXCLUDE_FILE(*libm.a: *libc.a:*lib_a-mem*.o *libgcc.a:) .text*)
 .text          0x100002c4       0x48 c:/progra~2/gnuarm~1/102020~1/bin/../lib/gcc/arm-none-eabi/10.2.1/thumb/v6-m/nofp/crtbegin.o
 .text.main     0x1000030c       0x44 CMakeFiles/Scoppppez.dir/main.cpp.obj
                0x1000030c                main
 .text._ZN7ILI934120dma_finished_handlerEv
                0x10000350       0x5c CMakeFiles/Scoppppez.dir/ILI9341Driver.cpp.obj
                0x10000350                ILI9341::dma_finished_handler()
 .text._ZN7ILI93417Write16Et
                0x100003ac       0x20 CMakeFiles/Scoppppez.dir/ILI9341Driver.cpp.obj
                0x100003ac                ILI9341::Write16(unsigned short)
 .text._ZN7ILI93417InitDMAEv
                0x100003cc       0xec CMakeFiles/Scoppppez.dir/ILI9341Driver.cpp.obj
                0x100003cc                ILI9341::InitDMA()
 .text._ZN7ILI934110DMAWrite16EPtmb
                0x100004b8       0x74 CMakeFiles/Scoppppez.dir/ILI9341Driver.cpp.obj
                0x100004b8                ILI9341::DMAWrite16(unsigned short*, unsigned long, bool)
 .text._ZN7ILI93414InitEv
                0x1000052c      0x148 CMakeFiles/Scoppppez.dir/ILI9341Driver.cpp.obj
                0x1000052c                ILI9341::Init()
 .text._ZN7ILI934110WriteImageEPt
                0x10000674       0xe0 CMakeFiles/Scoppppez.dir/ILI9341Driver.cpp.obj
                0x10000674                ILI9341::WriteImage(unsigned short*)
 .text.gpio_set_function
                0x10000754       0x30 CMakeFiles/Scoppppez.dir/C_/VSARM/sdk/pico/pico-sdk/src/rp2_common/hardware_gpio/gpio.c.obj
                0x10000754                gpio_set_function
 .text.gpio_init
                0x10000784       0x16 CMakeFiles/Scoppppez.dir/C_/VSARM/sdk/pico/pico-sdk/src/rp2_common/hardware_gpio/gpio.c.obj
                0x10000784                gpio_init
 *fill*         0x1000079a        0x2 
 .text.hw_claim_lock
                0x1000079c       0x18 CMakeFiles/Scoppppez.dir/C_/VSARM/sdk/pico/pico-sdk/src/rp2_common/hardware_claim/claim.c.obj
                0x1000079c                hw_claim_lock
 .text.hw_claim_unlock
                0x100007b4       0x14 CMakeFiles/Scoppppez.dir/C_/VSARM/sdk/pico/pico-sdk/src/rp2_common/hardware_claim/claim.c.obj
                0x100007b4                hw_claim_unlock
 .text.hw_claim_or_assert
                0x100007c8       0x32 CMakeFiles/Scoppppez.dir/C_/VSARM/sdk/pico/pico-sdk/src/rp2_common/hardware_claim/claim.c.obj
                0x100007c8                hw_claim_or_assert
 .text.hw_claim_unused_from_range
                0x100007fa       0x50 CMakeFiles/Scoppppez.dir/C_/VSARM/sdk/pico/pico-sdk/src/rp2_common/hardware_claim/claim.c.obj
                0x100007fa                hw_claim_unused_from_range
 *fill*         0x1000084a        0x2 
 .text.running_on_fpga
                0x1000084c       0x14 CMakeFiles/Scoppppez.dir/C_/VSARM/sdk/pico/pico-sdk/src/rp2_common/pico_platform/platform.c.obj
                0x1000084c                running_on_fpga
 .text.spin_locks_reset
                0x10000860       0x20 CMakeFiles/Scoppppez.dir/C_/VSARM/sdk/pico/pico-sdk/src/rp2_common/hardware_sync/sync.c.obj
                0x10000860                spin_locks_reset
 .text.next_striped_spin_lock_num
                0x10000880       0x1c CMakeFiles/Scoppppez.dir/C_/VSARM/sdk/pico/pico-sdk/src/rp2_common/hardware_sync/sync.c.obj
                0x10000880                next_striped_spin_lock_num
 .text.alarm_pool_post_alloc_init
                0x1000089c       0x40 CMakeFiles/Scoppppez.dir/C_/VSARM/sdk/pico/pico-sdk/src/common/pico_time/time.c.obj
 .text.sleep_until_callback
                0x100008dc       0x30 CMakeFiles/Scoppppez.dir/C_/VSARM/sdk/pico/pico-sdk/src/common/pico_time/time.c.obj
 .text.timer_pool_entry_comparator
                0x1000090c       0x7c CMakeFiles/Scoppppez.dir/C_/VSARM/sdk/pico/pico-sdk/src/common/pico_time/time.c.obj
                0x1000090c                timer_pool_entry_comparator
 .text.ph_add_child_node
                0x10000988       0xa4 CMakeFiles/Scoppppez.dir/C_/VSARM/sdk/pico/pico-sdk/src/common/pico_time/time.c.obj
 .text.ph_merge_nodes
                0x10000a2c       0x3e CMakeFiles/Scoppppez.dir/C_/VSARM/sdk/pico/pico-sdk/src/common/pico_time/time.c.obj
 *fill*         0x10000a6a        0x2 
 .text.add_alarm_under_lock
                0x10000a6c      0x174 CMakeFiles/Scoppppez.dir/C_/VSARM/sdk/pico/pico-sdk/src/common/pico_time/time.c.obj
 .text.alarm_pool_alarm_callback
                0x10000be0      0x328 CMakeFiles/Scoppppez.dir/C_/VSARM/sdk/pico/pico-sdk/src/common/pico_time/time.c.obj
 .text.alarm_pool_init_default
                0x10000f08       0x38 CMakeFiles/Scoppppez.dir/C_/VSARM/sdk/pico/pico-sdk/src/common/pico_time/time.c.obj
                0x10000f08                alarm_pool_init_default
 .text.alarm_pool_get_default
                0x10000f40       0x2c CMakeFiles/Scoppppez.dir/C_/VSARM/sdk/pico/pico-sdk/src/common/pico_time/time.c.obj
                0x10000f40                alarm_pool_get_default
 .text.alarm_pool_add_alarm_at
                0x10000f6c      0x170 CMakeFiles/Scoppppez.dir/C_/VSARM/sdk/pico/pico-sdk/src/common/pico_time/time.c.obj
                0x10000f6c                alarm_pool_add_alarm_at
 .text.sleep_until
                0x100010dc       0xfc CMakeFiles/Scoppppez.dir/C_/VSARM/sdk/pico/pico-sdk/src/common/pico_time/time.c.obj
                0x100010dc                sleep_until
 .text.sleep_us
                0x100011d8       0x58 CMakeFiles/Scoppppez.dir/C_/VSARM/sdk/pico/pico-sdk/src/common/pico_time/time.c.obj
                0x100011d8                sleep_us
 .text.sleep_ms
                0x10001230       0x14 CMakeFiles/Scoppppez.dir/C_/VSARM/sdk/pico/pico-sdk/src/common/pico_time/time.c.obj
                0x10001230                sleep_ms
 .text.hardware_alarm_irq_handler
                0x10001244       0x8c CMakeFiles/Scoppppez.dir/C_/VSARM/sdk/pico/pico-sdk/src/rp2_common/hardware_timer/timer.c.obj
 .text.hardware_alarm_claim
                0x100012d0       0x18 CMakeFiles/Scoppppez.dir/C_/VSARM/sdk/pico/pico-sdk/src/rp2_common/hardware_timer/timer.c.obj
                0x100012d0                hardware_alarm_claim
 .text.time_us_64
                0x100012e8       0x18 CMakeFiles/Scoppppez.dir/C_/VSARM/sdk/pico/pico-sdk/src/rp2_common/hardware_timer/timer.c.obj
                0x100012e8                time_us_64
 .text.busy_wait_until
                0x10001300       0x28 CMakeFiles/Scoppppez.dir/C_/VSARM/sdk/pico/pico-sdk/src/rp2_common/hardware_timer/timer.c.obj
                0x10001300                busy_wait_until
 .text.hardware_alarm_set_callback
                0x10001328       0x90 CMakeFiles/Scoppppez.dir/C_/VSARM/sdk/pico/pico-sdk/src/rp2_common/hardware_timer/timer.c.obj
                0x10001328                hardware_alarm_set_callback
 .text.hardware_alarm_set_target
                0x100013b8       0xe8 CMakeFiles/Scoppppez.dir/C_/VSARM/sdk/pico/pico-sdk/src/rp2_common/hardware_timer/timer.c.obj
                0x100013b8                hardware_alarm_set_target
 .text.hardware_alarm_cancel
                0x100014a0       0x40 CMakeFiles/Scoppppez.dir/C_/VSARM/sdk/pico/pico-sdk/src/rp2_common/hardware_timer/timer.c.obj
                0x100014a0                hardware_alarm_cancel
 .text.lock_init
                0x100014e0       0x10 CMakeFiles/Scoppppez.dir/C_/VSARM/sdk/pico/pico-sdk/src/common/pico_sync/lock_core.c.obj
                0x100014e0                lock_init
 .text.mutex_init
                0x100014f0       0x1a CMakeFiles/Scoppppez.dir/C_/VSARM/sdk/pico/pico-sdk/src/common/pico_sync/mutex.c.obj
                0x100014f0                mutex_init
 .text.recursive_mutex_init
                0x1000150a       0x1e CMakeFiles/Scoppppez.dir/C_/VSARM/sdk/pico/pico-sdk/src/common/pico_sync/mutex.c.obj
                0x1000150a                recursive_mutex_init
 .text.ph_add_child_node
                0x10001528       0xa4 CMakeFiles/Scoppppez.dir/C_/VSARM/sdk/pico/pico-sdk/src/common/pico_util/pheap.c.obj
 .text.ph_merge_nodes
                0x100015cc       0x3e CMakeFiles/Scoppppez.dir/C_/VSARM/sdk/pico/pico-sdk/src/common/pico_util/pheap.c.obj
 *fill*         0x1000160a        0x2 
 .text.ph_clear
                0x1000160c       0x70 CMakeFiles/Scoppppez.dir/C_/VSARM/sdk/pico/pico-sdk/src/common/pico_util/pheap.c.obj
                0x1000160c                ph_clear
 .text.ph_post_alloc_init
                0x1000167c        0xe CMakeFiles/Scoppppez.dir/C_/VSARM/sdk/pico/pico-sdk/src/common/pico_util/pheap.c.obj
                0x1000167c                ph_post_alloc_init
 *fill*         0x1000168a        0x2 
 .text.ph_merge_two_pass
                0x1000168c       0xa8 CMakeFiles/Scoppppez.dir/C_/VSARM/sdk/pico/pico-sdk/src/common/pico_util/pheap.c.obj
                0x1000168c                ph_merge_two_pass
 .text.ph_remove_any_head
                0x10001734      0x108 CMakeFiles/Scoppppez.dir/C_/VSARM/sdk/pico/pico-sdk/src/common/pico_util/pheap.c.obj
 .text.ph_remove_head
                0x1000183c       0x14 CMakeFiles/Scoppppez.dir/C_/VSARM/sdk/pico/pico-sdk/src/common/pico_util/pheap.c.obj
                0x1000183c                ph_remove_head
 .text.ph_remove_and_free_node
                0x10001850       0xf8 CMakeFiles/Scoppppez.dir/C_/VSARM/sdk/pico/pico-sdk/src/common/pico_util/pheap.c.obj
                0x10001850                ph_remove_and_free_node
 .text._exit    0x10001948        0x4 CMakeFiles/Scoppppez.dir/C_/VSARM/sdk/pico/pico-sdk/src/rp2_common/pico_runtime/runtime.c.obj
                0x10001948                _exit
 .text.exit     0x1000194c        0x6 CMakeFiles/Scoppppez.dir/C_/VSARM/sdk/pico/pico-sdk/src/rp2_common/pico_runtime/runtime.c.obj
                0x1000194c                exit
 *fill*         0x10001952        0x2 
 .text.__assert_func
                0x10001954       0x3c CMakeFiles/Scoppppez.dir/C_/VSARM/sdk/pico/pico-sdk/src/rp2_common/pico_runtime/runtime.c.obj
                0x10001954                __assert_func
 .text.runtime_init
                0x10001990       0xf8 CMakeFiles/Scoppppez.dir/C_/VSARM/sdk/pico/pico-sdk/src/rp2_common/pico_runtime/runtime.c.obj
                0x10001990                runtime_init
 .text.panic    0x10001a88       0x30 CMakeFiles/Scoppppez.dir/C_/VSARM/sdk/pico/pico-sdk/src/rp2_common/pico_runtime/runtime.c.obj
                0x10001a88                panic
 .text.clock_configure
                0x10001ab8      0x104 CMakeFiles/Scoppppez.dir/C_/VSARM/sdk/pico/pico-sdk/src/rp2_common/hardware_clocks/clocks.c.obj
                0x10001ab8                clock_configure
 .text.clocks_init
                0x10001bbc      0x100 CMakeFiles/Scoppppez.dir/C_/VSARM/sdk/pico/pico-sdk/src/rp2_common/hardware_clocks/clocks.c.obj
                0x10001bbc                clocks_init
 .text.clock_get_hz
                0x10001cbc        0xc CMakeFiles/Scoppppez.dir/C_/VSARM/sdk/pico/pico-sdk/src/rp2_common/hardware_clocks/clocks.c.obj
                0x10001cbc                clock_get_hz
 .text.set_raw_irq_handler_and_unlock
                0x10001cc8       0x28 CMakeFiles/Scoppppez.dir/C_/VSARM/sdk/pico/pico-sdk/src/rp2_common/hardware_irq/irq.c.obj
 .text.make_branch
                0x10001cf0       0x34 CMakeFiles/Scoppppez.dir/C_/VSARM/sdk/pico/pico-sdk/src/rp2_common/hardware_irq/irq.c.obj
 .text.insert_branch_and_link
                0x10001d24       0x40 CMakeFiles/Scoppppez.dir/C_/VSARM/sdk/pico/pico-sdk/src/rp2_common/hardware_irq/irq.c.obj
 .text.irq_is_enabled
                0x10001d64       0x18 CMakeFiles/Scoppppez.dir/C_/VSARM/sdk/pico/pico-sdk/src/rp2_common/hardware_irq/irq.c.obj
                0x10001d64                irq_is_enabled
 .text.irq_set_mask_enabled
                0x10001d7c       0x20 CMakeFiles/Scoppppez.dir/C_/VSARM/sdk/pico/pico-sdk/src/rp2_common/hardware_irq/irq.c.obj
                0x10001d7c                irq_set_mask_enabled
 .text.irq_set_enabled
                0x10001d9c        0xe CMakeFiles/Scoppppez.dir/C_/VSARM/sdk/pico/pico-sdk/src/rp2_common/hardware_irq/irq.c.obj
                0x10001d9c                irq_set_enabled
 *fill*         0x10001daa        0x2 
 .text.irq_get_vtable_handler
                0x10001dac       0x10 CMakeFiles/Scoppppez.dir/C_/VSARM/sdk/pico/pico-sdk/src/rp2_common/hardware_irq/irq.c.obj
                0x10001dac                irq_get_vtable_handler
 .text.irq_set_exclusive_handler
                0x10001dbc       0x54 CMakeFiles/Scoppppez.dir/C_/VSARM/sdk/pico/pico-sdk/src/rp2_common/hardware_irq/irq.c.obj
                0x10001dbc                irq_set_exclusive_handler
 .text.irq_remove_handler
                0x10001e10      0x1ac CMakeFiles/Scoppppez.dir/C_/VSARM/sdk/pico/pico-sdk/src/rp2_common/hardware_irq/irq.c.obj
                0x10001e10                irq_remove_handler
 .text.irq_add_tail_to_free_list
                0x10001fbc       0xf0 CMakeFiles/Scoppppez.dir/C_/VSARM/sdk/pico/pico-sdk/src/rp2_common/hardware_irq/irq.c.obj
                0x10001fbc                irq_add_tail_to_free_list
 .text.irq_init_priorities
                0x100020ac       0x1c CMakeFiles/Scoppppez.dir/C_/VSARM/sdk/pico/pico-sdk/src/rp2_common/hardware_irq/irq.c.obj
                0x100020ac                irq_init_priorities
 .text.pll_init
                0x100020c8      0x118 CMakeFiles/Scoppppez.dir/C_/VSARM/sdk/pico/pico-sdk/src/rp2_common/hardware_pll/pll.c.obj
                0x100020c8                pll_init
 .text.watchdog_start_tick
                0x100021e0       0x10 CMakeFiles/Scoppppez.dir/C_/VSARM/sdk/pico/pico-sdk/src/rp2_common/hardware_watchdog/watchdog.c.obj
                0x100021e0                watchdog_start_tick
 .text.xosc_init
                0x100021f0       0x28 CMakeFiles/Scoppppez.dir/C_/VSARM/sdk/pico/pico-sdk/src/rp2_common/hardware_xosc/xosc.c.obj
                0x100021f0                xosc_init
 .text._out_null
                0x10002218        0x2 CMakeFiles/Scoppppez.dir/C_/VSARM/sdk/pico/pico-sdk/src/rp2_common/pico_printf/printf.c.obj
 .text._out_fct
                0x1000221a        0xe CMakeFiles/Scoppppez.dir/C_/VSARM/sdk/pico/pico-sdk/src/rp2_common/pico_printf/printf.c.obj
 .text._atoi    0x10002228       0x24 CMakeFiles/Scoppppez.dir/C_/VSARM/sdk/pico/pico-sdk/src/rp2_common/pico_printf/printf.c.obj
 .text._out_rev
                0x1000224c       0xae CMakeFiles/Scoppppez.dir/C_/VSARM/sdk/pico/pico-sdk/src/rp2_common/pico_printf/printf.c.obj
 .text._ntoa_format
                0x100022fa      0x112 CMakeFiles/Scoppppez.dir/C_/VSARM/sdk/pico/pico-sdk/src/rp2_common/pico_printf/printf.c.obj
 .text._ntoa_long
                0x1000240c       0xbc CMakeFiles/Scoppppez.dir/C_/VSARM/sdk/pico/pico-sdk/src/rp2_common/pico_printf/printf.c.obj
 .text._ntoa_long_long
                0x100024c8       0xe2 CMakeFiles/Scoppppez.dir/C_/VSARM/sdk/pico/pico-sdk/src/rp2_common/pico_printf/printf.c.obj
 *fill*         0x100025aa        0x2 
 .text._etoa    0x100025ac      0x414 CMakeFiles/Scoppppez.dir/C_/VSARM/sdk/pico/pico-sdk/src/rp2_common/pico_printf/printf.c.obj
 .text._ftoa    0x100029c0      0x354 CMakeFiles/Scoppppez.dir/C_/VSARM/sdk/pico/pico-sdk/src/rp2_common/pico_printf/printf.c.obj
 .text._vsnprintf
                0x10002d14      0x624 CMakeFiles/Scoppppez.dir/C_/VSARM/sdk/pico/pico-sdk/src/rp2_common/pico_printf/printf.c.obj
 .text.vfctprintf
                0x10003338       0x20 CMakeFiles/Scoppppez.dir/C_/VSARM/sdk/pico/pico-sdk/src/rp2_common/pico_printf/printf.c.obj
                0x10003338                vfctprintf
 .text          0x10003358       0x10 CMakeFiles/Scoppppez.dir/C_/VSARM/sdk/pico/pico-sdk/src/rp2_common/pico_bit_ops/bit_ops_aeabi.S.obj
 .text.rom_func_lookup
                0x10003368       0x10 CMakeFiles/Scoppppez.dir/C_/VSARM/sdk/pico/pico-sdk/src/rp2_common/pico_bootrom/bootrom.c.obj
                0x10003368                rom_func_lookup
 .text.rom_data_lookup
                0x10003378       0x10 CMakeFiles/Scoppppez.dir/C_/VSARM/sdk/pico/pico-sdk/src/rp2_common/pico_bootrom/bootrom.c.obj
                0x10003378                rom_data_lookup
 .text.rom_funcs_lookup
                0x10003388       0x36 CMakeFiles/Scoppppez.dir/C_/VSARM/sdk/pico/pico-sdk/src/rp2_common/pico_bootrom/bootrom.c.obj
                0x10003388                rom_funcs_lookup
 *fill*         0x100033be        0x2 
 .text.__wrap___aeabi_idiv
                0x100033c0       0x50 CMakeFiles/Scoppppez.dir/C_/VSARM/sdk/pico/pico-sdk/src/rp2_common/pico_divider/divider.S.obj
                0x100033c0                __wrap___aeabi_idivmod
                0x100033c0                divmod_s32s32
                0x100033c0                div_s32s32
                0x100033c0                __wrap___aeabi_idiv
                0x100033c8                divmod_s32s32_unsafe
                0x100033f4                divmod_s32s32_savestate
 .text.__wrap___aeabi_uidiv
                0x10003410       0x4c CMakeFiles/Scoppppez.dir/C_/VSARM/sdk/pico/pico-sdk/src/rp2_common/pico_divider/divider.S.obj
                0x10003410                __wrap___aeabi_uidiv
                0x10003410                __wrap___aeabi_uidivmod
                0x10003410                div_u32u32
                0x10003410                divmod_u32u32
                0x10003418                divmod_u32u32_unsafe
                0x10003440                divmod_u32u32_savestate
 .text.__wrap___aeabi_ldiv
                0x1000345c      0x434 CMakeFiles/Scoppppez.dir/C_/VSARM/sdk/pico/pico-sdk/src/rp2_common/pico_divider/divider.S.obj
                0x1000345c                div_s64s64
                0x1000345c                divmod_s64s64
                0x1000345c                __wrap___aeabi_ldivmod
                0x10003494                divmod_u64u64
                0x10003494                div_u64u64
                0x10003494                __wrap___aeabi_uldivmod
                0x100034a4                divmod_u64u64_savestate
                0x100034cc                divmod_s64s64_unsafe
                0x10003554                divmod_u64u64_unsafe
 .text.__wrap___aeabi_darithmetic
                0x10003890       0x80 CMakeFiles/Scoppppez.dir/C_/VSARM/sdk/pico/pico-sdk/src/rp2_common/pico_double/double_aeabi.S.obj
                0x10003890                __wrap___aeabi_drsub
                0x10003896                __wrap___aeabi_dsub
                0x100038a8                __wrap___aeabi_dadd
                0x100038ba                __wrap___aeabi_ddiv
                0x100038f6                __wrap___aeabi_dmul
 .text.__wrap___aeabi_cdcmple
                0x10003910       0x6c CMakeFiles/Scoppppez.dir/C_/VSARM/sdk/pico/pico-sdk/src/rp2_common/pico_double/double_aeabi.S.obj
                0x10003910                __wrap___aeabi_cdrcmple
                0x10003920                __wrap___aeabi_cdcmpeq
                0x10003920                __wrap___aeabi_cdcmple
 .text.__wrap___aeabi_dcmplt
                0x1000397c        0xc CMakeFiles/Scoppppez.dir/C_/VSARM/sdk/pico/pico-sdk/src/rp2_common/pico_double/double_aeabi.S.obj
                0x1000397c                __wrap___aeabi_dcmplt
 .text.__wrap___aeabi_dcmple
                0x10003988       0x10 CMakeFiles/Scoppppez.dir/C_/VSARM/sdk/pico/pico-sdk/src/rp2_common/pico_double/double_aeabi.S.obj
                0x10003988                __wrap___aeabi_dcmple
 .text.__wrap___aeabi_dcmpge
                0x10003998       0x10 CMakeFiles/Scoppppez.dir/C_/VSARM/sdk/pico/pico-sdk/src/rp2_common/pico_double/double_aeabi.S.obj
                0x10003998                __wrap___aeabi_dcmpge
 .text.__wrap___aeabi_dcmpgt
                0x100039a8        0xa CMakeFiles/Scoppppez.dir/C_/VSARM/sdk/pico/pico-sdk/src/rp2_common/pico_double/double_aeabi.S.obj
                0x100039a8                __wrap___aeabi_dcmpgt
 .text.__wrap___aeabi_dcmpun
                0x100039b2       0x1c CMakeFiles/Scoppppez.dir/C_/VSARM/sdk/pico/pico-sdk/src/rp2_common/pico_double/double_aeabi.S.obj
                0x100039b2                __wrap___aeabi_dcmpun
 *fill*         0x100039ce        0x2 
 .text.__wrap___aeabi_i2d
                0x100039d0       0x38 CMakeFiles/Scoppppez.dir/C_/VSARM/sdk/pico/pico-sdk/src/rp2_common/pico_double/double_aeabi.S.obj
                0x100039d0                __wrap___aeabi_ui2d
                0x100039d8                __wrap___aeabi_i2d
 .text.__wrap___aeabi_d2iz
                0x10003a08       0x48 CMakeFiles/Scoppppez.dir/C_/VSARM/sdk/pico/pico-sdk/src/rp2_common/pico_double/double_aeabi.S.obj
                0x10003a08                double2int_z
                0x10003a08                __wrap___aeabi_d2iz
 .text.__wrap___aeabi_d2uiz
                0x10003a50       0x18 CMakeFiles/Scoppppez.dir/C_/VSARM/sdk/pico/pico-sdk/src/rp2_common/pico_double/double_aeabi.S.obj
                0x10003a50                __wrap___aeabi_d2uiz
                0x10003a50                double2uint
 .text.__aeabi_double_init
                0x10003a68       0xc8 CMakeFiles/Scoppppez.dir/C_/VSARM/sdk/pico/pico-sdk/src/rp2_common/pico_double/double_init_rom.c.obj
                0x10003a68                __aeabi_double_init
 .text.double_table_shim_on_use_helper
                0x10003b30       0x34 CMakeFiles/Scoppppez.dir/C_/VSARM/sdk/pico/pico-sdk/src/rp2_common/pico_double/double_v1_rom_shim.S.obj
                0x10003b30                double_table_shim_on_use_helper
 .text.__wrap___aeabi_dsub
                0x10003b64       0x10 CMakeFiles/Scoppppez.dir/C_/VSARM/sdk/pico/pico-sdk/src/rp2_common/pico_double/double_v1_rom_shim.S.obj
                0x10003b64                drsub_shim
                0x10003b6a                dsub_shim
 .text.dadd_shim
                0x10003b74      0x15c CMakeFiles/Scoppppez.dir/C_/VSARM/sdk/pico/pico-sdk/src/rp2_common/pico_double/double_v1_rom_shim.S.obj
                0x10003b74                dadd_shim
 .text.dmul_shim
                0x10003cd0      0x15c CMakeFiles/Scoppppez.dir/C_/VSARM/sdk/pico/pico-sdk/src/rp2_common/pico_double/double_v1_rom_shim.S.obj
                0x10003cd0                dmul_shim
 .text.ddiv_shim
                0x10003e2c      0x1b0 CMakeFiles/Scoppppez.dir/C_/VSARM/sdk/pico/pico-sdk/src/rp2_common/pico_double/double_v1_rom_shim.S.obj
                0x10003e2c                ddiv_shim
 .text.double2uint_shim
                0x10003fdc        0xe CMakeFiles/Scoppppez.dir/C_/VSARM/sdk/pico/pico-sdk/src/rp2_common/pico_double/double_v1_rom_shim.S.obj
                0x10003fdc                double2uint_shim
                0x10003fde                double2ufix_shim
 *fill*         0x10003fea        0x2 
 .text.double2uint64_shim
                0x10003fec       0x70 CMakeFiles/Scoppppez.dir/C_/VSARM/sdk/pico/pico-sdk/src/rp2_common/pico_double/double_v1_rom_shim.S.obj
                0x10003fec                double2uint64_shim
                0x10003fee                double2ufix64_shim
                0x1000400e                d2fix_a
 .text.dunpacks
                0x1000405c       0x3c CMakeFiles/Scoppppez.dir/C_/VSARM/sdk/pico/pico-sdk/src/rp2_common/pico_double/double_v1_rom_shim.S.obj
                0x1000405c                dunpacks
 .text.__aeabi_lmul
                0x10004098       0x32 CMakeFiles/Scoppppez.dir/C_/VSARM/sdk/pico/pico-sdk/src/rp2_common/pico_int64_ops/pico_int64_ops_aeabi.S.obj
                0x10004098                __wrap___aeabi_lmul
 *fill*         0x100040ca        0x2 
 .text.__aeabi_float_init
                0x100040cc       0xfc CMakeFiles/Scoppppez.dir/C_/VSARM/sdk/pico/pico-sdk/src/rp2_common/pico_float/float_init_rom.c.obj
                0x100040cc                __aeabi_float_init
 .text.float_table_shim_on_use_helper
                0x100041c8       0x34 CMakeFiles/Scoppppez.dir/C_/VSARM/sdk/pico/pico-sdk/src/rp2_common/pico_float/float_v1_rom_shim.S.obj
                0x100041c8                float_table_shim_on_use_helper
 .text          0x100041fc       0x10 CMakeFiles/Scoppppez.dir/C_/VSARM/sdk/pico/pico-sdk/src/rp2_common/pico_mem_ops/mem_ops_aeabi.S.obj
                0x100041fc                __aeabi_mem_init
 .text.memset   0x1000420c        0xc CMakeFiles/Scoppppez.dir/C_/VSARM/sdk/pico/pico-sdk/src/rp2_common/pico_mem_ops/mem_ops_aeabi.S.obj
                0x1000420c                __wrap_memset
 .text.memcpy   0x10004218        0xc CMakeFiles/Scoppppez.dir/C_/VSARM/sdk/pico/pico-sdk/src/rp2_common/pico_mem_ops/mem_ops_aeabi.S.obj
                0x10004218                __wrap_memcpy
                0x10004218                __wrap___aeabi_memcpy
 .text.stdio_out_chars_no_crlf
                0x10004224        0xe CMakeFiles/Scoppppez.dir/C_/VSARM/sdk/pico/pico-sdk/src/rp2_common/pico_stdio/stdio.c.obj
 *fill*         0x10004232        0x2 
 .text.stdio_out_chars_crlf
                0x10004234       0x80 CMakeFiles/Scoppppez.dir/C_/VSARM/sdk/pico/pico-sdk/src/rp2_common/pico_stdio/stdio.c.obj
 .text.stdio_stack_buffer_flush
                0x100042b4       0x44 CMakeFiles/Scoppppez.dir/C_/VSARM/sdk/pico/pico-sdk/src/rp2_common/pico_stdio/stdio.c.obj
 .text.stdio_buffered_printer
                0x100042f8       0x20 CMakeFiles/Scoppppez.dir/C_/VSARM/sdk/pico/pico-sdk/src/rp2_common/pico_stdio/stdio.c.obj
 .text.stdout_serialize_begin
                0x10004318       0x30 CMakeFiles/Scoppppez.dir/C_/VSARM/sdk/pico/pico-sdk/src/rp2_common/pico_stdio/stdio.c.obj
                0x10004318                stdout_serialize_begin
 .text.stdout_serialize_end
                0x10004348       0x10 CMakeFiles/Scoppppez.dir/C_/VSARM/sdk/pico/pico-sdk/src/rp2_common/pico_stdio/stdio.c.obj
                0x10004348                stdout_serialize_end
 .text.stdio_put_string
                0x10004358       0x98 CMakeFiles/Scoppppez.dir/C_/VSARM/sdk/pico/pico-sdk/src/rp2_common/pico_stdio/stdio.c.obj
 .text.stdio_flush
                0x100043f0       0x20 CMakeFiles/Scoppppez.dir/C_/VSARM/sdk/pico/pico-sdk/src/rp2_common/pico_stdio/stdio.c.obj
                0x100043f0                stdio_flush
 .text.__wrap_puts
                0x10004410       0x1e CMakeFiles/Scoppppez.dir/C_/VSARM/sdk/pico/pico-sdk/src/rp2_common/pico_stdio/stdio.c.obj
                0x10004410                __wrap_puts
 *fill*         0x1000442e        0x2 
 .text.__wrap_vprintf
                0x10004430       0x44 CMakeFiles/Scoppppez.dir/C_/VSARM/sdk/pico/pico-sdk/src/rp2_common/pico_stdio/stdio.c.obj
                0x10004430                __wrap_vprintf
 .text.__wrap_printf
                0x10004474       0x18 CMakeFiles/Scoppppez.dir/C_/VSARM/sdk/pico/pico-sdk/src/rp2_common/pico_stdio/stdio.c.obj
                0x10004474                __wrap_printf
 .text._retrieve_unique_id_on_boot
                0x1000448c       0x10 CMakeFiles/Scoppppez.dir/C_/VSARM/sdk/pico/pico-sdk/src/rp2_common/pico_unique_id/unique_id.c.obj
 .text.flash_get_unique_id
                0x1000449c       0x46 CMakeFiles/Scoppppez.dir/C_/VSARM/sdk/pico/pico-sdk/src/rp2_common/hardware_flash/flash.c.obj
                0x1000449c                flash_get_unique_id
 .text.spi_set_baudrate
                0x100044e2       0x92 CMakeFiles/Scoppppez.dir/C_/VSARM/sdk/pico/pico-sdk/src/rp2_common/hardware_spi/spi.c.obj
                0x100044e2                spi_set_baudrate
 .text.spi_init
                0x10004574       0x68 CMakeFiles/Scoppppez.dir/C_/VSARM/sdk/pico/pico-sdk/src/rp2_common/hardware_spi/spi.c.obj
                0x10004574                spi_init
 .text.dma_claim_unused_channel
                0x100045dc       0x20 CMakeFiles/Scoppppez.dir/C_/VSARM/sdk/pico/pico-sdk/src/rp2_common/hardware_dma/dma.c.obj
                0x100045dc                dma_claim_unused_channel
 .text.strlen   0x100045fc       0x5c c:/progra~2/gnuarm~1/102020~1/bin/../lib/gcc/arm-none-eabi/10.2.1/../../../../arm-none-eabi/lib/thumb/v6-m/nofp\libg.a(lib_a-strlen-stub.o)
                0x100045fc                strlen
 *(.fini)
 .fini          0x10004658        0x4 c:/progra~2/gnuarm~1/102020~1/bin/../lib/gcc/arm-none-eabi/10.2.1/thumb/v6-m/nofp/crti.o
                0x10004658                _fini
 *fill*         0x1000465c        0x4 
 .fini.__stub   0x10004660       0x70 linker stubs
 *crtbegin.o(.ctors)
 *crtbegin?.o(.ctors)
 *(EXCLUDE_FILE(*crtend.o *crtend?.o) .ctors)
 *(SORT_BY_NAME(.ctors.*))
 *(.ctors)
 *crtbegin.o(.dtors)
 *crtbegin?.o(.dtors)
 *(EXCLUDE_FILE(*crtend.o *crtend?.o) .dtors)
 *(SORT_BY_NAME(.dtors.*))
 *(.dtors)
 *(.eh_frame*)
 .eh_frame      0x100046d0        0x0 c:/progra~2/gnuarm~1/102020~1/bin/../lib/gcc/arm-none-eabi/10.2.1/thumb/v6-m/nofp/crtbegin.o
                0x100046d0                . = ALIGN (0x4)

.glue_7         0x100046d0        0x0
 .glue_7        0x100046d0        0x0 linker stubs

.glue_7t        0x100046d0        0x0
 .glue_7t       0x100046d0        0x0 linker stubs

.vfp11_veneer   0x100046d0        0x0
 .vfp11_veneer  0x100046d0        0x0 linker stubs

.v4_bx          0x100046d0        0x0
 .v4_bx         0x100046d0        0x0 linker stubs

.iplt           0x100046d0        0x0
 .iplt          0x100046d0        0x0 c:/progra~2/gnuarm~1/102020~1/bin/../lib/gcc/arm-none-eabi/10.2.1/thumb/v6-m/nofp/crtbegin.o

.rodata         0x100046d0    0x268f0
 *(EXCLUDE_FILE(*libm.a: *libc.a:*lib_a-mem*.o *libgcc.a:) .rodata*)
 .rodata._ZL5image
                0x100046d0    0x25800 CMakeFiles/Scoppppez.dir/main.cpp.obj
 .rodata._ZN7ILI93417InitDMAEv.str1.4
                0x10029ed0       0xf8 CMakeFiles/Scoppppez.dir/ILI9341Driver.cpp.obj
 .rodata._ZL12startup_cmds
                0x10029fc8       0x6f CMakeFiles/Scoppppez.dir/ILI9341Driver.cpp.obj
 *fill*         0x1002a037        0x1 
 .rodata.repeating_timer_callback.str1.4
                0x1002a038       0x4b CMakeFiles/Scoppppez.dir/C_/VSARM/sdk/pico/pico-sdk/src/common/pico_time/time.c.obj
 *fill*         0x1002a083        0x1 
 .rodata.alarm_pool_dump_key.str1.4
                0x1002a084       0x33 CMakeFiles/Scoppppez.dir/C_/VSARM/sdk/pico/pico-sdk/src/common/pico_time/time.c.obj
 *fill*         0x1002a0b7        0x1 
 .rodata.ph_add_child_node.str1.4
                0x1002a0b8       0x96 CMakeFiles/Scoppppez.dir/C_/VSARM/sdk/pico/pico-sdk/src/common/pico_time/time.c.obj
 *fill*         0x1002a14e        0x2 
 .rodata.add_alarm_under_lock.str1.4
                0x1002a150       0x28 CMakeFiles/Scoppppez.dir/C_/VSARM/sdk/pico/pico-sdk/src/common/pico_time/time.c.obj
                                 0x2b (size before relaxing)
 .rodata.alarm_pool_alarm_callback.str1.4
                0x1002a178       0xe6 CMakeFiles/Scoppppez.dir/C_/VSARM/sdk/pico/pico-sdk/src/common/pico_time/time.c.obj
 *fill*         0x1002a25e        0x2 
 .rodata.alarm_pool_get_default.str1.4
                0x1002a260       0x21 CMakeFiles/Scoppppez.dir/C_/VSARM/sdk/pico/pico-sdk/src/common/pico_time/time.c.obj
 *fill*         0x1002a281        0x3 
 .rodata.sleep_until.str1.4
                0x1002a284       0x4d CMakeFiles/Scoppppez.dir/C_/VSARM/sdk/pico/pico-sdk/src/common/pico_time/time.c.obj
 *fill*         0x1002a2d1        0x3 
 .rodata.__func__.10
                0x1002a2d4       0x15 CMakeFiles/Scoppppez.dir/C_/VSARM/sdk/pico/pico-sdk/src/common/pico_time/time.c.obj
 *fill*         0x1002a2e9        0x3 
 .rodata.__func__.11
                0x1002a2ec       0x1a CMakeFiles/Scoppppez.dir/C_/VSARM/sdk/pico/pico-sdk/src/common/pico_time/time.c.obj
 *fill*         0x1002a306        0x2 
 .rodata.__func__.12
                0x1002a308        0xa CMakeFiles/Scoppppez.dir/C_/VSARM/sdk/pico/pico-sdk/src/common/pico_time/time.c.obj
 *fill*         0x1002a312        0x2 
 .rodata.__func__.3
                0x1002a314       0x17 CMakeFiles/Scoppppez.dir/C_/VSARM/sdk/pico/pico-sdk/src/common/pico_time/time.c.obj
 *fill*         0x1002a32b        0x1 
 .rodata.__func__.4
                0x1002a32c       0x12 CMakeFiles/Scoppppez.dir/C_/VSARM/sdk/pico/pico-sdk/src/common/pico_time/time.c.obj
 *fill*         0x1002a33e        0x2 
 .rodata.__func__.5
                0x1002a340        0xd CMakeFiles/Scoppppez.dir/C_/VSARM/sdk/pico/pico-sdk/src/common/pico_time/time.c.obj
 *fill*         0x1002a34d        0x3 
 .rodata.__func__.6
                0x1002a350       0x12 CMakeFiles/Scoppppez.dir/C_/VSARM/sdk/pico/pico-sdk/src/common/pico_time/time.c.obj
 *fill*         0x1002a362        0x2 
 .rodata.__func__.7
                0x1002a364        0xf CMakeFiles/Scoppppez.dir/C_/VSARM/sdk/pico/pico-sdk/src/common/pico_time/time.c.obj
 *fill*         0x1002a373        0x1 
 .rodata.__func__.8
                0x1002a374        0xc CMakeFiles/Scoppppez.dir/C_/VSARM/sdk/pico/pico-sdk/src/common/pico_time/time.c.obj
 .rodata.__func__.9
                0x1002a380       0x15 CMakeFiles/Scoppppez.dir/C_/VSARM/sdk/pico/pico-sdk/src/common/pico_time/time.c.obj
 *fill*         0x1002a395        0x3 
 .rodata.hardware_alarm_claim.str1.4
                0x1002a398       0x22 CMakeFiles/Scoppppez.dir/C_/VSARM/sdk/pico/pico-sdk/src/rp2_common/hardware_timer/timer.c.obj
 *fill*         0x1002a3ba        0x2 
 .rodata.hardware_alarm_set_target.str1.4
                0x1002a3bc       0x65 CMakeFiles/Scoppppez.dir/C_/VSARM/sdk/pico/pico-sdk/src/rp2_common/hardware_timer/timer.c.obj
 *fill*         0x1002a421        0x3 
 .rodata.__func__.0
                0x1002a424       0x1a CMakeFiles/Scoppppez.dir/C_/VSARM/sdk/pico/pico-sdk/src/rp2_common/hardware_timer/timer.c.obj
 *fill*         0x1002a43e        0x2 
 .rodata.str1.4
                0x1002a440       0x89 CMakeFiles/Scoppppez.dir/C_/VSARM/sdk/pico/pico-sdk/src/common/pico_sync/mutex.c.obj
                                 0xed (size before relaxing)
 *fill*         0x1002a4c9        0x3 
 .rodata.__func__.1
                0x1002a4cc        0xb CMakeFiles/Scoppppez.dir/C_/VSARM/sdk/pico/pico-sdk/src/common/pico_sync/mutex.c.obj
 .rodata.ph_add_child_node.str1.4
                0x1002a4d7       0x96 CMakeFiles/Scoppppez.dir/C_/VSARM/sdk/pico/pico-sdk/src/common/pico_util/pheap.c.obj
 *fill*         0x1002a4d7        0x1 
 .rodata.ph_remove_any_head.str1.4
                0x1002a4d8       0x8c CMakeFiles/Scoppppez.dir/C_/VSARM/sdk/pico/pico-sdk/src/common/pico_util/pheap.c.obj
 .rodata.ph_remove_and_free_node.str1.4
                0x1002a564       0x26 CMakeFiles/Scoppppez.dir/C_/VSARM/sdk/pico/pico-sdk/src/common/pico_util/pheap.c.obj
 *fill*         0x1002a58a        0x2 
 .rodata.__func__.0
                0x1002a58c       0x18 CMakeFiles/Scoppppez.dir/C_/VSARM/sdk/pico/pico-sdk/src/common/pico_util/pheap.c.obj
 .rodata.__func__.1
                0x1002a5a4       0x13 CMakeFiles/Scoppppez.dir/C_/VSARM/sdk/pico/pico-sdk/src/common/pico_util/pheap.c.obj
 *fill*         0x1002a5b7        0x1 
 .rodata.__func__.2
                0x1002a5b8       0x12 CMakeFiles/Scoppppez.dir/C_/VSARM/sdk/pico/pico-sdk/src/common/pico_util/pheap.c.obj
 *fill*         0x1002a5ca        0x2 
 .rodata.__func__.3
                0x1002a5cc        0xc CMakeFiles/Scoppppez.dir/C_/VSARM/sdk/pico/pico-sdk/src/common/pico_util/pheap.c.obj
 .rodata.__assert_func.str1.4
                0x1002a5d8       0x3f CMakeFiles/Scoppppez.dir/C_/VSARM/sdk/pico/pico-sdk/src/rp2_common/pico_runtime/runtime.c.obj
                                 0x43 (size before relaxing)
 *fill*         0x1002a617        0x1 
 .rodata.runtime_init.str1.4
                0x1002a618       0x61 CMakeFiles/Scoppppez.dir/C_/VSARM/sdk/pico/pico-sdk/src/rp2_common/pico_runtime/runtime.c.obj
 *fill*         0x1002a679        0x3 
 .rodata.panic.str1.4
                0x1002a67c       0x12 CMakeFiles/Scoppppez.dir/C_/VSARM/sdk/pico/pico-sdk/src/rp2_common/pico_runtime/runtime.c.obj
 *fill*         0x1002a68e        0x2 
 .rodata.__func__.1
                0x1002a690        0xd CMakeFiles/Scoppppez.dir/C_/VSARM/sdk/pico/pico-sdk/src/rp2_common/pico_runtime/runtime.c.obj
 *fill*         0x1002a69d        0x3 
 .rodata.clock_configure.str1.4
                0x1002a6a0       0x57 CMakeFiles/Scoppppez.dir/C_/VSARM/sdk/pico/pico-sdk/src/rp2_common/hardware_clocks/clocks.c.obj
 *fill*         0x1002a6f7        0x1 
 .rodata.__func__.1
                0x1002a6f8       0x10 CMakeFiles/Scoppppez.dir/C_/VSARM/sdk/pico/pico-sdk/src/rp2_common/hardware_clocks/clocks.c.obj
 .rodata.make_branch.str1.4
                0x1002a708       0x4d CMakeFiles/Scoppppez.dir/C_/VSARM/sdk/pico/pico-sdk/src/rp2_common/hardware_irq/irq.c.obj
 *fill*         0x1002a755        0x3 
 .rodata.irq_set_exclusive_handler.str1.4
                0x1002a758       0x36 CMakeFiles/Scoppppez.dir/C_/VSARM/sdk/pico/pico-sdk/src/rp2_common/hardware_irq/irq.c.obj
 *fill*         0x1002a78e        0x2 
 .rodata.irq_add_shared_handler.str1.4
                0x1002a790       0xd9 CMakeFiles/Scoppppez.dir/C_/VSARM/sdk/pico/pico-sdk/src/rp2_common/hardware_irq/irq.c.obj
 *fill*         0x1002a869        0x3 
 .rodata.irq_remove_handler.str1.4
                0x1002a86c       0x2a CMakeFiles/Scoppppez.dir/C_/VSARM/sdk/pico/pico-sdk/src/rp2_common/hardware_irq/irq.c.obj
 *fill*         0x1002a896        0x2 
 .rodata.irq_add_tail_to_free_list.str1.4
                0x1002a898       0x32 CMakeFiles/Scoppppez.dir/C_/VSARM/sdk/pico/pico-sdk/src/rp2_common/hardware_irq/irq.c.obj
                                 0x3a (size before relaxing)
 *fill*         0x1002a8ca        0x2 
 .rodata.__func__.0
                0x1002a8cc       0x1a CMakeFiles/Scoppppez.dir/C_/VSARM/sdk/pico/pico-sdk/src/rp2_common/hardware_irq/irq.c.obj
 *fill*         0x1002a8e6        0x2 
 .rodata.__func__.1
                0x1002a8e8       0x17 CMakeFiles/Scoppppez.dir/C_/VSARM/sdk/pico/pico-sdk/src/rp2_common/hardware_irq/irq.c.obj
 *fill*         0x1002a8ff        0x1 
 .rodata.__func__.2
                0x1002a900       0x13 CMakeFiles/Scoppppez.dir/C_/VSARM/sdk/pico/pico-sdk/src/rp2_common/hardware_irq/irq.c.obj
 *fill*         0x1002a913        0x1 
 .rodata.__func__.3
                0x1002a914        0xc CMakeFiles/Scoppppez.dir/C_/VSARM/sdk/pico/pico-sdk/src/rp2_common/hardware_irq/irq.c.obj
 .rodata.__func__.4
                0x1002a920        0xf CMakeFiles/Scoppppez.dir/C_/VSARM/sdk/pico/pico-sdk/src/rp2_common/hardware_irq/irq.c.obj
 *fill*         0x1002a92f        0x1 
 .rodata.__func__.6
                0x1002a930       0x1a CMakeFiles/Scoppppez.dir/C_/VSARM/sdk/pico/pico-sdk/src/rp2_common/hardware_irq/irq.c.obj
 *fill*         0x1002a94a        0x2 
 .rodata.pll_init.str1.4
                0x1002a94c       0xdb CMakeFiles/Scoppppez.dir/C_/VSARM/sdk/pico/pico-sdk/src/rp2_common/hardware_pll/pll.c.obj
 *fill*         0x1002aa27        0x1 
 .rodata.__func__.0
                0x1002aa28        0x9 CMakeFiles/Scoppppez.dir/C_/VSARM/sdk/pico/pico-sdk/src/rp2_common/hardware_pll/pll.c.obj
 *fill*         0x1002aa31        0x3 
 .rodata._ftoa.str1.4
                0x1002aa34       0x15 CMakeFiles/Scoppppez.dir/C_/VSARM/sdk/pico/pico-sdk/src/rp2_common/pico_printf/printf.c.obj
 *fill*         0x1002aa49        0x3 
 .rodata._vsnprintf
                0x1002aa4c      0x1e0 CMakeFiles/Scoppppez.dir/C_/VSARM/sdk/pico/pico-sdk/src/rp2_common/pico_printf/printf.c.obj
 *fill*         0x1002ac2c        0x4 
 .rodata.pow10.0
                0x1002ac30       0x50 CMakeFiles/Scoppppez.dir/C_/VSARM/sdk/pico/pico-sdk/src/rp2_common/pico_printf/printf.c.obj
 .rodata.__aeabi_double_init.str1.4
                0x1002ac80       0xa8 CMakeFiles/Scoppppez.dir/C_/VSARM/sdk/pico/pico-sdk/src/rp2_common/pico_double/double_init_rom.c.obj
 .rodata.__func__.0
                0x1002ad28       0x14 CMakeFiles/Scoppppez.dir/C_/VSARM/sdk/pico/pico-sdk/src/rp2_common/pico_double/double_init_rom.c.obj
 .rodata.__aeabi_float_init.str1.4
                0x1002ad3c       0x7a CMakeFiles/Scoppppez.dir/C_/VSARM/sdk/pico/pico-sdk/src/rp2_common/pico_float/float_init_rom.c.obj
                                 0x7e (size before relaxing)
 *fill*         0x1002adb6        0x2 
 .rodata.__func__.0
                0x1002adb8       0x13 CMakeFiles/Scoppppez.dir/C_/VSARM/sdk/pico/pico-sdk/src/rp2_common/pico_float/float_init_rom.c.obj
 *fill*         0x1002adcb        0x1 
 .rodata.str1.4
                0x1002adcc       0x40 CMakeFiles/Scoppppez.dir/C_/VSARM/sdk/pico/pico-sdk/src/rp2_common/pico_standard_link/binary_info.c.obj
 .rodata.__bi_44
                0x1002ae0c        0xc CMakeFiles/Scoppppez.dir/C_/VSARM/sdk/pico/pico-sdk/src/rp2_common/pico_standard_link/binary_info.c.obj
 .rodata.__bi_75
                0x1002ae18        0xc CMakeFiles/Scoppppez.dir/C_/VSARM/sdk/pico/pico-sdk/src/rp2_common/pico_standard_link/binary_info.c.obj
 .rodata.__bi_81
                0x1002ae24        0xc CMakeFiles/Scoppppez.dir/C_/VSARM/sdk/pico/pico-sdk/src/rp2_common/pico_standard_link/binary_info.c.obj
 .rodata.crlf_str.3
                0x1002ae30        0x2 CMakeFiles/Scoppppez.dir/C_/VSARM/sdk/pico/pico-sdk/src/rp2_common/pico_stdio/stdio.c.obj
 *fill*         0x1002ae32        0x2 
 .rodata.str1.4
                0x1002ae34      0x15a CMakeFiles/Scoppppez.dir/C_/VSARM/sdk/pico/pico-sdk/src/rp2_common/hardware_flash/flash.c.obj
 *fill*         0x1002af8e        0x2 
 .rodata.__func__.0
                0x1002af90        0xd CMakeFiles/Scoppppez.dir/C_/VSARM/sdk/pico/pico-sdk/src/rp2_common/hardware_flash/flash.c.obj
 *fill*         0x1002af9d        0x3 
 .rodata.dma_claim_unused_channel.str1.4
                0x1002afa0       0x1e CMakeFiles/Scoppppez.dir/C_/VSARM/sdk/pico/pico-sdk/src/rp2_common/hardware_dma/dma.c.obj
                0x1002afc0                . = ALIGN (0x4)
 *fill*         0x1002afbe        0x2 
 *(SORT_BY_ALIGNMENT(SORT_BY_NAME(.flashdata*)))
                0x1002afc0                . = ALIGN (0x4)

.rel.dyn        0x1002afc0        0x0
 .rel.iplt      0x1002afc0        0x0 c:/progra~2/gnuarm~1/102020~1/bin/../lib/gcc/arm-none-eabi/10.2.1/thumb/v6-m/nofp/crtbegin.o

.ARM.extab
 *(.ARM.extab* .gnu.linkonce.armextab.*)
                0x1002afc0                __exidx_start = .

.ARM.exidx
 *(.ARM.exidx* .gnu.linkonce.armexidx.*)
                0x1002afc0                __exidx_end = .
                0x1002afc0                . = ALIGN (0x4)
                0x1002afc0                __binary_info_start = .

.binary_info    0x1002afc0       0x1c
 *(.binary_info.keep.*)
 .binary_info.keep.__bi_ptr22
                0x1002afc0        0x4 CMakeFiles/Scoppppez.dir/C_/VSARM/sdk/pico/pico-sdk/src/rp2_common/pico_standard_link/binary_info.c.obj
 .binary_info.keep.__bi_ptr30
                0x1002afc4        0x4 CMakeFiles/Scoppppez.dir/C_/VSARM/sdk/pico/pico-sdk/src/rp2_common/pico_standard_link/binary_info.c.obj
 .binary_info.keep.__bi_ptr38
                0x1002afc8        0x4 CMakeFiles/Scoppppez.dir/C_/VSARM/sdk/pico/pico-sdk/src/rp2_common/pico_standard_link/binary_info.c.obj
 .binary_info.keep.__bi_ptr44
                0x1002afcc        0x4 CMakeFiles/Scoppppez.dir/C_/VSARM/sdk/pico/pico-sdk/src/rp2_common/pico_standard_link/binary_info.c.obj
 .binary_info.keep.__bi_ptr50
                0x1002afd0        0x4 CMakeFiles/Scoppppez.dir/C_/VSARM/sdk/pico/pico-sdk/src/rp2_common/pico_standard_link/binary_info.c.obj
 .binary_info.keep.__bi_ptr75
                0x1002afd4        0x4 CMakeFiles/Scoppppez.dir/C_/VSARM/sdk/pico/pico-sdk/src/rp2_common/pico_standard_link/binary_info.c.obj
 .binary_info.keep.__bi_ptr81
                0x1002afd8        0x4 CMakeFiles/Scoppppez.dir/C_/VSARM/sdk/pico/pico-sdk/src/rp2_common/pico_standard_link/binary_info.c.obj
 *(.binary_info.*)
                0x1002afdc                __binary_info_end = .
                0x1002afdc                . = ALIGN (0x4)
                0x1002afdc                __etext = .

.ram_vector_table
                0x20000000       0xc0
 *(.ram_vector_table)
 .ram_vector_table
                0x20000000       0xc0 CMakeFiles/Scoppppez.dir/C_/VSARM/sdk/pico/pico-sdk/src/rp2_common/pico_runtime/runtime.c.obj
                0x20000000                ram_vector_table

.data           0x200000c0      0x348 load address 0x1002afdc
                0x200000c0                __data_start__ = .
 *(vtable)
 *(.time_critical*)
 .time_critical.mutex_enter_blocking
                0x200000c0       0x48 CMakeFiles/Scoppppez.dir/C_/VSARM/sdk/pico/pico-sdk/src/common/pico_sync/mutex.c.obj
                0x200000c0                mutex_enter_blocking
 .time_critical.mutex_try_enter
                0x20000108       0x46 CMakeFiles/Scoppppez.dir/C_/VSARM/sdk/pico/pico-sdk/src/common/pico_sync/mutex.c.obj
                0x20000108                mutex_try_enter
 *fill*         0x2000014e        0x2 
 .time_critical.mutex_exit
                0x20000150       0x4c CMakeFiles/Scoppppez.dir/C_/VSARM/sdk/pico/pico-sdk/src/common/pico_sync/mutex.c.obj
                0x20000150                mutex_exit
 .time_critical.flash_init_boot2_copyout
                0x2000019c       0x30 CMakeFiles/Scoppppez.dir/C_/VSARM/sdk/pico/pico-sdk/src/rp2_common/hardware_flash/flash.c.obj
 .time_critical.flash_enable_xip_via_boot2
                0x200001cc       0x10 CMakeFiles/Scoppppez.dir/C_/VSARM/sdk/pico/pico-sdk/src/rp2_common/hardware_flash/flash.c.obj
 .time_critical.flash_cs_force
                0x200001dc       0x28 CMakeFiles/Scoppppez.dir/C_/VSARM/sdk/pico/pico-sdk/src/rp2_common/hardware_flash/flash.c.obj
 .time_critical.flash_do_cmd
                0x20000204       0xd8 CMakeFiles/Scoppppez.dir/C_/VSARM/sdk/pico/pico-sdk/src/rp2_common/hardware_flash/flash.c.obj
                0x20000204                flash_do_cmd
 .time_critical.spi_write_blocking
                0x200002dc       0x3a CMakeFiles/Scoppppez.dir/C_/VSARM/sdk/pico/pico-sdk/src/rp2_common/hardware_spi/spi.c.obj
                0x200002dc                spi_write_blocking
 *(.text*)
 *fill*         0x20000316        0x2 
 .text          0x20000318        0x4 c:/progra~2/gnuarm~1/102020~1/bin/../lib/gcc/arm-none-eabi/10.2.1/thumb/v6-m/nofp\libgcc.a(_dvmd_tls.o)
                0x20000318                __aeabi_idiv0
                0x20000318                __aeabi_ldiv0
 *fill*         0x2000031c        0x4 
 .text.__stub   0x20000320       0x10 linker stubs
                0x20000330                . = ALIGN (0x4)
 *(.rodata*)
                0x20000330                . = ALIGN (0x4)
 *(.data*)
 .data.dp       0x20000330        0x4 CMakeFiles/Scoppppez.dir/main.cpp.obj
                0x20000330                dp
 .data._ZN7ILI93412csE
                0x20000334        0x1 CMakeFiles/Scoppppez.dir/ILI9341Driver.cpp.obj
                0x20000334                ILI9341::cs
 .data._ZN7ILI93414misoE
                0x20000335        0x1 CMakeFiles/Scoppppez.dir/ILI9341Driver.cpp.obj
                0x20000335                ILI9341::miso
 .data._ZN7ILI93414mosiE
                0x20000336        0x1 CMakeFiles/Scoppppez.dir/ILI9341Driver.cpp.obj
                0x20000336                ILI9341::mosi
 .data._ZN7ILI93414sclkE
                0x20000337        0x1 CMakeFiles/Scoppppez.dir/ILI9341Driver.cpp.obj
                0x20000337                ILI9341::sclk
 .data._ZN7ILI93416tft_dcE
                0x20000338        0x1 CMakeFiles/Scoppppez.dir/ILI9341Driver.cpp.obj
                0x20000338                ILI9341::tft_dc
 .data._ZN7ILI93417tft_rstE
                0x20000339        0x1 CMakeFiles/Scoppppez.dir/ILI9341Driver.cpp.obj
                0x20000339                ILI9341::tft_rst
 *fill*         0x2000033a        0x2 
 .data._ZN7ILI93418spi_portE
                0x2000033c        0x4 CMakeFiles/Scoppppez.dir/ILI9341Driver.cpp.obj
                0x2000033c                ILI9341::spi_port
 .data.striped_spin_lock_num
                0x20000340        0x1 CMakeFiles/Scoppppez.dir/C_/VSARM/sdk/pico/pico-sdk/src/rp2_common/hardware_sync/sync.c.obj
 *fill*         0x20000341        0x3 
 .data.default_alarm_pool
                0x20000344       0x18 CMakeFiles/Scoppppez.dir/C_/VSARM/sdk/pico/pico-sdk/src/common/pico_time/time.c.obj
 .data.default_alarm_pool_heap
                0x2000035c       0x10 CMakeFiles/Scoppppez.dir/C_/VSARM/sdk/pico/pico-sdk/src/common/pico_time/time.c.obj
 .data          0x2000036c       0x48 CMakeFiles/Scoppppez.dir/C_/VSARM/sdk/pico/pico-sdk/src/rp2_common/hardware_irq/irq_handler_chain.S.obj
                0x2000036c                irq_handler_chain_slots
                0x2000039c                irq_handler_chain_first_slot
                0x200003a6                irq_handler_chain_remove_tail
 *fill*         0x200003b4        0xc 
 .data.aeabi_bits_funcs
                0x200003c0       0x10 CMakeFiles/Scoppppez.dir/C_/VSARM/sdk/pico/pico-sdk/src/rp2_common/pico_bit_ops/bit_ops_aeabi.S.obj
                0x200003c0                aeabi_bits_funcs
                0x200003d0                aeabi_bits_funcs_end
 .data.aeabi_mem_funcs
                0x200003d0       0x10 CMakeFiles/Scoppppez.dir/C_/VSARM/sdk/pico/pico-sdk/src/rp2_common/pico_mem_ops/mem_ops_aeabi.S.obj
                0x200003d0                aeabi_mem_funcs
                0x200003e0                aeabi_mem_funcs_end
                0x200003e0                . = ALIGN (0x4)
 *(.after_data.*)
                0x200003e0                . = ALIGN (0x4)
                0x200003e0                PROVIDE (__mutex_array_start = .)
 *(SORT_BY_NAME(.mutex_array.*))
 *(.mutex_array)
 .mutex_array   0x200003e0        0x8 CMakeFiles/Scoppppez.dir/C_/VSARM/sdk/pico/pico-sdk/src/rp2_common/pico_malloc/pico_malloc.c.obj
 .mutex_array   0x200003e8        0x8 CMakeFiles/Scoppppez.dir/C_/VSARM/sdk/pico/pico-sdk/src/rp2_common/pico_stdio/stdio.c.obj
                0x200003f0                PROVIDE (__mutex_array_end = .)
                0x200003f0                . = ALIGN (0x4)
                0x200003f0                PROVIDE (__preinit_array_start = .)
 *(SORT_BY_NAME(.preinit_array.*))
 .preinit_array.00001
                0x200003f0        0x4 CMakeFiles/Scoppppez.dir/C_/VSARM/sdk/pico/pico-sdk/src/rp2_common/pico_mem_ops/mem_ops_aeabi.S.obj
 .preinit_array.00010
                0x200003f4        0x4 CMakeFiles/Scoppppez.dir/C_/VSARM/sdk/pico/pico-sdk/src/rp2_common/pico_bit_ops/bit_ops_aeabi.S.obj
 .preinit_array.00020
                0x200003f8        0x4 CMakeFiles/Scoppppez.dir/C_/VSARM/sdk/pico/pico-sdk/src/rp2_common/pico_double/double_aeabi.S.obj
 .preinit_array.00020
                0x200003fc        0x4 CMakeFiles/Scoppppez.dir/C_/VSARM/sdk/pico/pico-sdk/src/rp2_common/pico_float/float_aeabi.S.obj
 *(.preinit_array)
                0x20000400                PROVIDE (__preinit_array_end = .)
                0x20000400                . = ALIGN (0x4)
                0x20000400                PROVIDE (__init_array_start = .)
 *(SORT_BY_NAME(.init_array.*))
 *(.init_array)
 .init_array    0x20000400        0x4 c:/progra~2/gnuarm~1/102020~1/bin/../lib/gcc/arm-none-eabi/10.2.1/thumb/v6-m/nofp/crtbegin.o
 .init_array    0x20000404        0x4 CMakeFiles/Scoppppez.dir/C_/VSARM/sdk/pico/pico-sdk/src/rp2_common/pico_unique_id/unique_id.c.obj
                0x20000408                PROVIDE (__init_array_end = .)
                0x20000408                . = ALIGN (0x4)
                [!provide]                PROVIDE (__fini_array_start = .)
 *(SORT_BY_NAME(.fini_array.*))
 *(.fini_array)
                [!provide]                PROVIDE (__fini_array_end = .)
 *(.jcr)
                0x20000408                . = ALIGN (0x4)
                0x20000408                __data_end__ = .

.igot.plt       0x20000408        0x0 load address 0x1002b324
 .igot.plt      0x20000408        0x0 c:/progra~2/gnuarm~1/102020~1/bin/../lib/gcc/arm-none-eabi/10.2.1/thumb/v6-m/nofp/crtbegin.o

.uninitialized_data
                0x20000408        0x0 load address 0x1002b324
                0x20000408                . = ALIGN (0x4)
 *(.uninitialized_data*)

.scratch_x      0x20040000        0x0 load address 0x1002b324
                0x20040000                __scratch_x_start__ = .
 *(.scratch_x.*)
                0x20040000                . = ALIGN (0x4)
                0x20040000                __scratch_x_end__ = .
                0x1002b324                __scratch_x_source__ = LOADADDR (.scratch_x)

.scratch_y      0x20041000        0x0 load address 0x1002b324
                0x20041000                __scratch_y_start__ = .
 *(.scratch_y.*)
                0x20041000                . = ALIGN (0x4)
                0x20041000                __scratch_y_end__ = .
                0x1002b324                __scratch_y_source__ = LOADADDR (.scratch_y)

.bss            0x20000408      0x4dc
                0x20000408                . = ALIGN (0x4)
                0x20000408                __bss_start__ = .
 *(SORT_BY_ALIGNMENT(SORT_BY_NAME(.bss*)))
 .bss.default_alarm_pool_entries
                0x20000408      0x100 CMakeFiles/Scoppppez.dir/C_/VSARM/sdk/pico/pico-sdk/src/common/pico_time/time.c.obj
 .bss           0x20000508       0x1c c:/progra~2/gnuarm~1/102020~1/bin/../lib/gcc/arm-none-eabi/10.2.1/thumb/v6-m/nofp/crtbegin.o
 .bss._ZN7ILI93417dma_cfgE
                0x20000524        0x4 CMakeFiles/Scoppppez.dir/ILI9341Driver.cpp.obj
                0x20000524                ILI9341::dma_cfg
 .bss._ZN7ILI93418dma_chanE
                0x20000528        0x4 CMakeFiles/Scoppppez.dir/ILI9341Driver.cpp.obj
                0x20000528                ILI9341::dma_chan
 .bss.alarm_callbacks
                0x2000052c       0x10 CMakeFiles/Scoppppez.dir/C_/VSARM/sdk/pico/pico-sdk/src/rp2_common/hardware_timer/timer.c.obj
 .bss.boot2_copyout
                0x2000053c      0x100 CMakeFiles/Scoppppez.dir/C_/VSARM/sdk/pico/pico-sdk/src/rp2_common/hardware_flash/flash.c.obj
 .bss.configured_freq
                0x2000063c       0x28 CMakeFiles/Scoppppez.dir/C_/VSARM/sdk/pico/pico-sdk/src/rp2_common/hardware_clocks/clocks.c.obj
 .bss.default_alarm_pool_entry_ids_high
                0x20000664       0x10 CMakeFiles/Scoppppez.dir/C_/VSARM/sdk/pico/pico-sdk/src/common/pico_time/time.c.obj
 .bss.default_alarm_pool_heap_nodes
                0x20000674       0x30 CMakeFiles/Scoppppez.dir/C_/VSARM/sdk/pico/pico-sdk/src/common/pico_time/time.c.obj
 .bss.drivers   0x200006a4        0x4 CMakeFiles/Scoppppez.dir/C_/VSARM/sdk/pico/pico-sdk/src/rp2_common/pico_stdio/stdio.c.obj
 .bss.filter    0x200006a8        0x4 CMakeFiles/Scoppppez.dir/C_/VSARM/sdk/pico/pico-sdk/src/rp2_common/pico_stdio/stdio.c.obj
 .bss.pools     0x200006ac       0x10 CMakeFiles/Scoppppez.dir/C_/VSARM/sdk/pico/pico-sdk/src/common/pico_time/time.c.obj
 .bss.retrieved_id
                0x200006bc        0x8 CMakeFiles/Scoppppez.dir/C_/VSARM/sdk/pico/pico-sdk/src/rp2_common/pico_unique_id/unique_id.c.obj
 .bss.sd_table  0x200006c4      0x100 CMakeFiles/Scoppppez.dir/C_/VSARM/sdk/pico/pico-sdk/src/rp2_common/pico_double/double_init_rom.c.obj
                0x200006c4                sd_table
 .bss.sf_clz_func
                0x200007c4        0x4 CMakeFiles/Scoppppez.dir/C_/VSARM/sdk/pico/pico-sdk/src/rp2_common/pico_double/double_init_rom.c.obj
                0x200007c4                sf_clz_func
 .bss.sf_table  0x200007c8      0x100 CMakeFiles/Scoppppez.dir/C_/VSARM/sdk/pico/pico-sdk/src/rp2_common/pico_float/float_init_rom.c.obj
                0x200007c8                sf_table
 .bss.sleep_notifier
                0x200008c8        0x4 CMakeFiles/Scoppppez.dir/C_/VSARM/sdk/pico/pico-sdk/src/common/pico_time/time.c.obj
 .bss.target_hi
                0x200008cc       0x10 CMakeFiles/Scoppppez.dir/C_/VSARM/sdk/pico/pico-sdk/src/rp2_common/hardware_timer/timer.c.obj
 .bss._claimed  0x200008dc        0x2 CMakeFiles/Scoppppez.dir/C_/VSARM/sdk/pico/pico-sdk/src/rp2_common/hardware_dma/dma.c.obj
 .bss.boot2_copyout_valid
                0x200008de        0x1 CMakeFiles/Scoppppez.dir/C_/VSARM/sdk/pico/pico-sdk/src/rp2_common/hardware_flash/flash.c.obj
 .bss.claimed   0x200008df        0x1 CMakeFiles/Scoppppez.dir/C_/VSARM/sdk/pico/pico-sdk/src/rp2_common/hardware_timer/timer.c.obj
 .bss.irq_hander_chain_free_slot_head
                0x200008e0        0x1 CMakeFiles/Scoppppez.dir/C_/VSARM/sdk/pico/pico-sdk/src/rp2_common/hardware_irq/irq.c.obj
 .bss.timer_callbacks_pending
                0x200008e1        0x1 CMakeFiles/Scoppppez.dir/C_/VSARM/sdk/pico/pico-sdk/src/rp2_common/hardware_timer/timer.c.obj
 *(COMMON)
                0x200008e4                . = ALIGN (0x4)
 *fill*         0x200008e2        0x2 
                0x200008e4                __bss_end__ = .

.heap           0x200008e4      0x800
                0x200008e4                __end__ = .
                0x200008e4                end = __end__
 *(.heap*)
 .heap          0x200008e4      0x800 CMakeFiles/Scoppppez.dir/C_/VSARM/sdk/pico/pico-sdk/src/rp2_common/pico_standard_link/crt0.S.obj
                0x200010e4                __HeapLimit = .

.stack1_dummy   0x20040000        0x0
 *(.stack1*)

.stack_dummy    0x20041000      0x800
 *(.stack*)
 .stack         0x20041000      0x800 CMakeFiles/Scoppppez.dir/C_/VSARM/sdk/pico/pico-sdk/src/rp2_common/pico_standard_link/crt0.S.obj

.flash_end      0x1002b324        0x0
                0x1002b324                __flash_binary_end = .
                0x20040000                __StackLimit = (ORIGIN (RAM) + LENGTH (RAM))
                0x20041000                __StackOneTop = (ORIGIN (SCRATCH_X) + LENGTH (SCRATCH_X))
                0x20042000                __StackTop = (ORIGIN (SCRATCH_Y) + LENGTH (SCRATCH_Y))
                0x20041000                __StackOneBottom = (__StackOneTop - SIZEOF (.stack1_dummy))
                0x20041800                __StackBottom = (__StackTop - SIZEOF (.stack_dummy))
                0x20042000                PROVIDE (__stack = __StackTop)
                0x00000001                ASSERT ((__StackLimit >= __HeapLimit), region RAM overflowed)
                0x00000001                ASSERT (((__binary_info_header_end - __logical_binary_start) <= 0x100), Binary info must be in first 256 bytes of the binary)
LOAD CMakeFiles/Scoppppez.dir/main.cpp.obj
LOAD CMakeFiles/Scoppppez.dir/ILI9341Driver.cpp.obj
LOAD CMakeFiles/Scoppppez.dir/C_/VSARM/sdk/pico/pico-sdk/src/rp2_common/pico_stdlib/stdlib.c.obj
LOAD CMakeFiles/Scoppppez.dir/C_/VSARM/sdk/pico/pico-sdk/src/rp2_common/hardware_gpio/gpio.c.obj
LOAD CMakeFiles/Scoppppez.dir/C_/VSARM/sdk/pico/pico-sdk/src/rp2_common/hardware_claim/claim.c.obj
LOAD CMakeFiles/Scoppppez.dir/C_/VSARM/sdk/pico/pico-sdk/src/rp2_common/pico_platform/platform.c.obj
LOAD CMakeFiles/Scoppppez.dir/C_/VSARM/sdk/pico/pico-sdk/src/rp2_common/hardware_sync/sync.c.obj
LOAD CMakeFiles/Scoppppez.dir/C_/VSARM/sdk/pico/pico-sdk/src/rp2_common/hardware_uart/uart.c.obj
LOAD CMakeFiles/Scoppppez.dir/C_/VSARM/sdk/pico/pico-sdk/src/rp2_common/hardware_divider/divider.S.obj
LOAD CMakeFiles/Scoppppez.dir/C_/VSARM/sdk/pico/pico-sdk/src/common/pico_time/time.c.obj
LOAD CMakeFiles/Scoppppez.dir/C_/VSARM/sdk/pico/pico-sdk/src/common/pico_time/timeout_helper.c.obj
LOAD CMakeFiles/Scoppppez.dir/C_/VSARM/sdk/pico/pico-sdk/src/rp2_common/hardware_timer/timer.c.obj
LOAD CMakeFiles/Scoppppez.dir/C_/VSARM/sdk/pico/pico-sdk/src/common/pico_sync/sem.c.obj
LOAD CMakeFiles/Scoppppez.dir/C_/VSARM/sdk/pico/pico-sdk/src/common/pico_sync/lock_core.c.obj
LOAD CMakeFiles/Scoppppez.dir/C_/VSARM/sdk/pico/pico-sdk/src/common/pico_sync/mutex.c.obj
LOAD CMakeFiles/Scoppppez.dir/C_/VSARM/sdk/pico/pico-sdk/src/common/pico_sync/critical_section.c.obj
LOAD CMakeFiles/Scoppppez.dir/C_/VSARM/sdk/pico/pico-sdk/src/common/pico_util/datetime.c.obj
LOAD CMakeFiles/Scoppppez.dir/C_/VSARM/sdk/pico/pico-sdk/src/common/pico_util/pheap.c.obj
LOAD CMakeFiles/Scoppppez.dir/C_/VSARM/sdk/pico/pico-sdk/src/common/pico_util/queue.c.obj
LOAD CMakeFiles/Scoppppez.dir/C_/VSARM/sdk/pico/pico-sdk/src/rp2_common/pico_runtime/runtime.c.obj
LOAD CMakeFiles/Scoppppez.dir/C_/VSARM/sdk/pico/pico-sdk/src/rp2_common/hardware_clocks/clocks.c.obj
LOAD CMakeFiles/Scoppppez.dir/C_/VSARM/sdk/pico/pico-sdk/src/rp2_common/hardware_irq/irq.c.obj
LOAD CMakeFiles/Scoppppez.dir/C_/VSARM/sdk/pico/pico-sdk/src/rp2_common/hardware_irq/irq_handler_chain.S.obj
LOAD CMakeFiles/Scoppppez.dir/C_/VSARM/sdk/pico/pico-sdk/src/rp2_common/hardware_pll/pll.c.obj
LOAD CMakeFiles/Scoppppez.dir/C_/VSARM/sdk/pico/pico-sdk/src/rp2_common/hardware_vreg/vreg.c.obj
LOAD CMakeFiles/Scoppppez.dir/C_/VSARM/sdk/pico/pico-sdk/src/rp2_common/hardware_watchdog/watchdog.c.obj
LOAD CMakeFiles/Scoppppez.dir/C_/VSARM/sdk/pico/pico-sdk/src/rp2_common/hardware_xosc/xosc.c.obj
LOAD CMakeFiles/Scoppppez.dir/C_/VSARM/sdk/pico/pico-sdk/src/rp2_common/pico_printf/printf.c.obj
LOAD CMakeFiles/Scoppppez.dir/C_/VSARM/sdk/pico/pico-sdk/src/rp2_common/pico_bit_ops/bit_ops_aeabi.S.obj
LOAD CMakeFiles/Scoppppez.dir/C_/VSARM/sdk/pico/pico-sdk/src/rp2_common/pico_bootrom/bootrom.c.obj
LOAD CMakeFiles/Scoppppez.dir/C_/VSARM/sdk/pico/pico-sdk/src/rp2_common/pico_divider/divider.S.obj
LOAD CMakeFiles/Scoppppez.dir/C_/VSARM/sdk/pico/pico-sdk/src/rp2_common/pico_double/double_aeabi.S.obj
LOAD CMakeFiles/Scoppppez.dir/C_/VSARM/sdk/pico/pico-sdk/src/rp2_common/pico_double/double_init_rom.c.obj
LOAD CMakeFiles/Scoppppez.dir/C_/VSARM/sdk/pico/pico-sdk/src/rp2_common/pico_double/double_math.c.obj
LOAD CMakeFiles/Scoppppez.dir/C_/VSARM/sdk/pico/pico-sdk/src/rp2_common/pico_double/double_v1_rom_shim.S.obj
LOAD CMakeFiles/Scoppppez.dir/C_/VSARM/sdk/pico/pico-sdk/src/rp2_common/pico_int64_ops/pico_int64_ops_aeabi.S.obj
LOAD CMakeFiles/Scoppppez.dir/C_/VSARM/sdk/pico/pico-sdk/src/rp2_common/pico_float/float_aeabi.S.obj
LOAD CMakeFiles/Scoppppez.dir/C_/VSARM/sdk/pico/pico-sdk/src/rp2_common/pico_float/float_init_rom.c.obj
LOAD CMakeFiles/Scoppppez.dir/C_/VSARM/sdk/pico/pico-sdk/src/rp2_common/pico_float/float_math.c.obj
LOAD CMakeFiles/Scoppppez.dir/C_/VSARM/sdk/pico/pico-sdk/src/rp2_common/pico_float/float_v1_rom_shim.S.obj
LOAD CMakeFiles/Scoppppez.dir/C_/VSARM/sdk/pico/pico-sdk/src/rp2_common/pico_malloc/pico_malloc.c.obj
LOAD CMakeFiles/Scoppppez.dir/C_/VSARM/sdk/pico/pico-sdk/src/rp2_common/pico_mem_ops/mem_ops_aeabi.S.obj
LOAD CMakeFiles/Scoppppez.dir/C_/VSARM/sdk/pico/pico-sdk/src/rp2_common/pico_standard_link/crt0.S.obj
LOAD CMakeFiles/Scoppppez.dir/C_/VSARM/sdk/pico/pico-sdk/src/rp2_common/pico_standard_link/new_delete.cpp.obj
LOAD CMakeFiles/Scoppppez.dir/C_/VSARM/sdk/pico/pico-sdk/src/rp2_common/pico_standard_link/binary_info.c.obj
LOAD CMakeFiles/Scoppppez.dir/C_/VSARM/sdk/pico/pico-sdk/src/rp2_common/pico_stdio/stdio.c.obj
LOAD CMakeFiles/Scoppppez.dir/C_/VSARM/sdk/pico/pico-sdk/src/rp2_common/pico_stdio_usb/reset_interface.c.obj
LOAD CMakeFiles/Scoppppez.dir/C_/VSARM/sdk/pico/pico-sdk/src/rp2_common/pico_stdio_usb/stdio_usb.c.obj
LOAD CMakeFiles/Scoppppez.dir/C_/VSARM/sdk/pico/pico-sdk/src/rp2_common/pico_stdio_usb/stdio_usb_descriptors.c.obj
LOAD CMakeFiles/Scoppppez.dir/C_/VSARM/sdk/pico/pico-sdk/lib/tinyusb/src/portable/raspberrypi/rp2040/dcd_rp2040.c.obj
LOAD CMakeFiles/Scoppppez.dir/C_/VSARM/sdk/pico/pico-sdk/lib/tinyusb/src/portable/raspberrypi/rp2040/rp2040_usb.c.obj
LOAD CMakeFiles/Scoppppez.dir/C_/VSARM/sdk/pico/pico-sdk/lib/tinyusb/src/device/usbd.c.obj
LOAD CMakeFiles/Scoppppez.dir/C_/VSARM/sdk/pico/pico-sdk/lib/tinyusb/src/device/usbd_control.c.obj
LOAD CMakeFiles/Scoppppez.dir/C_/VSARM/sdk/pico/pico-sdk/lib/tinyusb/src/class/audio/audio_device.c.obj
LOAD CMakeFiles/Scoppppez.dir/C_/VSARM/sdk/pico/pico-sdk/lib/tinyusb/src/class/cdc/cdc_device.c.obj
LOAD CMakeFiles/Scoppppez.dir/C_/VSARM/sdk/pico/pico-sdk/lib/tinyusb/src/class/dfu/dfu_device.c.obj
LOAD CMakeFiles/Scoppppez.dir/C_/VSARM/sdk/pico/pico-sdk/lib/tinyusb/src/class/dfu/dfu_rt_device.c.obj
LOAD CMakeFiles/Scoppppez.dir/C_/VSARM/sdk/pico/pico-sdk/lib/tinyusb/src/class/hid/hid_device.c.obj
LOAD CMakeFiles/Scoppppez.dir/C_/VSARM/sdk/pico/pico-sdk/lib/tinyusb/src/class/midi/midi_device.c.obj
LOAD CMakeFiles/Scoppppez.dir/C_/VSARM/sdk/pico/pico-sdk/lib/tinyusb/src/class/msc/msc_device.c.obj
LOAD CMakeFiles/Scoppppez.dir/C_/VSARM/sdk/pico/pico-sdk/lib/tinyusb/src/class/net/ecm_rndis_device.c.obj
LOAD CMakeFiles/Scoppppez.dir/C_/VSARM/sdk/pico/pico-sdk/lib/tinyusb/src/class/net/ncm_device.c.obj
LOAD CMakeFiles/Scoppppez.dir/C_/VSARM/sdk/pico/pico-sdk/lib/tinyusb/src/class/usbtmc/usbtmc_device.c.obj
LOAD CMakeFiles/Scoppppez.dir/C_/VSARM/sdk/pico/pico-sdk/lib/tinyusb/src/class/vendor/vendor_device.c.obj
LOAD CMakeFiles/Scoppppez.dir/C_/VSARM/sdk/pico/pico-sdk/lib/tinyusb/src/class/video/video_device.c.obj
LOAD CMakeFiles/Scoppppez.dir/C_/VSARM/sdk/pico/pico-sdk/lib/tinyusb/src/tusb.c.obj
LOAD CMakeFiles/Scoppppez.dir/C_/VSARM/sdk/pico/pico-sdk/lib/tinyusb/src/common/tusb_fifo.c.obj
LOAD CMakeFiles/Scoppppez.dir/C_/VSARM/sdk/pico/pico-sdk/src/rp2_common/pico_fix/rp2040_usb_device_enumeration/rp2040_usb_device_enumeration.c.obj
LOAD CMakeFiles/Scoppppez.dir/C_/VSARM/sdk/pico/pico-sdk/src/rp2_common/pico_unique_id/unique_id.c.obj
LOAD CMakeFiles/Scoppppez.dir/C_/VSARM/sdk/pico/pico-sdk/src/rp2_common/hardware_flash/flash.c.obj
LOAD CMakeFiles/Scoppppez.dir/C_/VSARM/sdk/pico/pico-sdk/src/rp2_common/pico_multicore/multicore.c.obj
LOAD CMakeFiles/Scoppppez.dir/C_/VSARM/sdk/pico/pico-sdk/src/rp2_common/hardware_spi/spi.c.obj
LOAD CMakeFiles/Scoppppez.dir/C_/VSARM/sdk/pico/pico-sdk/src/rp2_common/hardware_dma/dma.c.obj
LOAD C:\Users\10052\AppData\Local\Temp\cc4vn64L.o
LOAD c:/progra~2/gnuarm~1/102020~1/bin/../lib/gcc/arm-none-eabi/10.2.1/../../../../arm-none-eabi/lib/thumb/v6-m/nofp\libstdc++.a
LOAD c:/progra~2/gnuarm~1/102020~1/bin/../lib/gcc/arm-none-eabi/10.2.1/../../../../arm-none-eabi/lib/thumb/v6-m/nofp\libm.a
START GROUP
LOAD c:/progra~2/gnuarm~1/102020~1/bin/../lib/gcc/arm-none-eabi/10.2.1/thumb/v6-m/nofp\libgcc.a
LOAD c:/progra~2/gnuarm~1/102020~1/bin/../lib/gcc/arm-none-eabi/10.2.1/../../../../arm-none-eabi/lib/thumb/v6-m/nofp\libg.a
LOAD c:/progra~2/gnuarm~1/102020~1/bin/../lib/gcc/arm-none-eabi/10.2.1/../../../../arm-none-eabi/lib/thumb/v6-m/nofp\libc.a
END GROUP
START GROUP
LOAD c:/progra~2/gnuarm~1/102020~1/bin/../lib/gcc/arm-none-eabi/10.2.1/thumb/v6-m/nofp\libgcc.a
LOAD c:/progra~2/gnuarm~1/102020~1/bin/../lib/gcc/arm-none-eabi/10.2.1/../../../../arm-none-eabi/lib/thumb/v6-m/nofp\libc.a
LOAD c:/progra~2/gnuarm~1/102020~1/bin/../lib/gcc/arm-none-eabi/10.2.1/../../../../arm-none-eabi/lib/thumb/v6-m/nofp\libnosys.a
END GROUP
LOAD c:/progra~2/gnuarm~1/102020~1/bin/../lib/gcc/arm-none-eabi/10.2.1/thumb/v6-m/nofp/crtend.o
LOAD c:/progra~2/gnuarm~1/102020~1/bin/../lib/gcc/arm-none-eabi/10.2.1/thumb/v6-m/nofp/crtn.o
OUTPUT(Scoppppez.elf elf32-littlearm)
LOAD linker stubs

.ARM.attributes
                0x00000000       0x28
 .ARM.attributes
                0x00000000       0x1e c:/progra~2/gnuarm~1/102020~1/bin/../lib/gcc/arm-none-eabi/10.2.1/thumb/v6-m/nofp/crti.o
 .ARM.attributes
                0x0000001e       0x2c c:/progra~2/gnuarm~1/102020~1/bin/../lib/gcc/arm-none-eabi/10.2.1/thumb/v6-m/nofp/crtbegin.o
 .ARM.attributes
                0x0000004a       0x2c CMakeFiles/Scoppppez.dir/main.cpp.obj
 .ARM.attributes
                0x00000076       0x2c CMakeFiles/Scoppppez.dir/ILI9341Driver.cpp.obj
 .ARM.attributes
                0x000000a2       0x2c CMakeFiles/Scoppppez.dir/C_/VSARM/sdk/pico/pico-sdk/src/rp2_common/hardware_gpio/gpio.c.obj
 .ARM.attributes
                0x000000ce       0x2c CMakeFiles/Scoppppez.dir/C_/VSARM/sdk/pico/pico-sdk/src/rp2_common/hardware_claim/claim.c.obj
 .ARM.attributes
                0x000000fa       0x2c CMakeFiles/Scoppppez.dir/C_/VSARM/sdk/pico/pico-sdk/src/rp2_common/pico_platform/platform.c.obj
 .ARM.attributes
                0x00000126       0x2c CMakeFiles/Scoppppez.dir/C_/VSARM/sdk/pico/pico-sdk/src/rp2_common/hardware_sync/sync.c.obj
 .ARM.attributes
                0x00000152       0x2c CMakeFiles/Scoppppez.dir/C_/VSARM/sdk/pico/pico-sdk/src/common/pico_time/time.c.obj
 .ARM.attributes
                0x0000017e       0x2c CMakeFiles/Scoppppez.dir/C_/VSARM/sdk/pico/pico-sdk/src/rp2_common/hardware_timer/timer.c.obj
 .ARM.attributes
                0x000001aa       0x2c CMakeFiles/Scoppppez.dir/C_/VSARM/sdk/pico/pico-sdk/src/common/pico_sync/lock_core.c.obj
 .ARM.attributes
                0x000001d6       0x2c CMakeFiles/Scoppppez.dir/C_/VSARM/sdk/pico/pico-sdk/src/common/pico_sync/mutex.c.obj
 .ARM.attributes
                0x00000202       0x2c CMakeFiles/Scoppppez.dir/C_/VSARM/sdk/pico/pico-sdk/src/common/pico_util/pheap.c.obj
 .ARM.attributes
                0x0000022e       0x2c CMakeFiles/Scoppppez.dir/C_/VSARM/sdk/pico/pico-sdk/src/rp2_common/pico_runtime/runtime.c.obj
 .ARM.attributes
                0x0000025a       0x2c CMakeFiles/Scoppppez.dir/C_/VSARM/sdk/pico/pico-sdk/src/rp2_common/hardware_clocks/clocks.c.obj
 .ARM.attributes
                0x00000286       0x2c CMakeFiles/Scoppppez.dir/C_/VSARM/sdk/pico/pico-sdk/src/rp2_common/hardware_irq/irq.c.obj
 .ARM.attributes
                0x000002b2       0x22 CMakeFiles/Scoppppez.dir/C_/VSARM/sdk/pico/pico-sdk/src/rp2_common/hardware_irq/irq_handler_chain.S.obj
 .ARM.attributes
                0x000002d4       0x2c CMakeFiles/Scoppppez.dir/C_/VSARM/sdk/pico/pico-sdk/src/rp2_common/hardware_pll/pll.c.obj
 .ARM.attributes
                0x00000300       0x2c CMakeFiles/Scoppppez.dir/C_/VSARM/sdk/pico/pico-sdk/src/rp2_common/hardware_watchdog/watchdog.c.obj
 .ARM.attributes
                0x0000032c       0x2c CMakeFiles/Scoppppez.dir/C_/VSARM/sdk/pico/pico-sdk/src/rp2_common/hardware_xosc/xosc.c.obj
 .ARM.attributes
                0x00000358       0x2c CMakeFiles/Scoppppez.dir/C_/VSARM/sdk/pico/pico-sdk/src/rp2_common/pico_printf/printf.c.obj
 .ARM.attributes
                0x00000384       0x22 CMakeFiles/Scoppppez.dir/C_/VSARM/sdk/pico/pico-sdk/src/rp2_common/pico_bit_ops/bit_ops_aeabi.S.obj
 .ARM.attributes
                0x000003a6       0x2c CMakeFiles/Scoppppez.dir/C_/VSARM/sdk/pico/pico-sdk/src/rp2_common/pico_bootrom/bootrom.c.obj
 .ARM.attributes
                0x000003d2       0x22 CMakeFiles/Scoppppez.dir/C_/VSARM/sdk/pico/pico-sdk/src/rp2_common/pico_divider/divider.S.obj
 .ARM.attributes
                0x000003f4       0x22 CMakeFiles/Scoppppez.dir/C_/VSARM/sdk/pico/pico-sdk/src/rp2_common/pico_double/double_aeabi.S.obj
 .ARM.attributes
                0x00000416       0x2c CMakeFiles/Scoppppez.dir/C_/VSARM/sdk/pico/pico-sdk/src/rp2_common/pico_double/double_init_rom.c.obj
 .ARM.attributes
                0x00000442       0x22 CMakeFiles/Scoppppez.dir/C_/VSARM/sdk/pico/pico-sdk/src/rp2_common/pico_double/double_v1_rom_shim.S.obj
 .ARM.attributes
                0x00000464       0x22 CMakeFiles/Scoppppez.dir/C_/VSARM/sdk/pico/pico-sdk/src/rp2_common/pico_int64_ops/pico_int64_ops_aeabi.S.obj
 .ARM.attributes
                0x00000486       0x22 CMakeFiles/Scoppppez.dir/C_/VSARM/sdk/pico/pico-sdk/src/rp2_common/pico_float/float_aeabi.S.obj
 .ARM.attributes
                0x000004a8       0x2c CMakeFiles/Scoppppez.dir/C_/VSARM/sdk/pico/pico-sdk/src/rp2_common/pico_float/float_init_rom.c.obj
 .ARM.attributes
                0x000004d4       0x22 CMakeFiles/Scoppppez.dir/C_/VSARM/sdk/pico/pico-sdk/src/rp2_common/pico_float/float_v1_rom_shim.S.obj
 .ARM.attributes
                0x000004f6       0x2c CMakeFiles/Scoppppez.dir/C_/VSARM/sdk/pico/pico-sdk/src/rp2_common/pico_malloc/pico_malloc.c.obj
 .ARM.attributes
                0x00000522       0x22 CMakeFiles/Scoppppez.dir/C_/VSARM/sdk/pico/pico-sdk/src/rp2_common/pico_mem_ops/mem_ops_aeabi.S.obj
 .ARM.attributes
                0x00000544       0x22 CMakeFiles/Scoppppez.dir/C_/VSARM/sdk/pico/pico-sdk/src/rp2_common/pico_standard_link/crt0.S.obj
 .ARM.attributes
                0x00000566       0x32 CMakeFiles/Scoppppez.dir/C_/VSARM/sdk/pico/pico-sdk/src/rp2_common/pico_standard_link/binary_info.c.obj
 .ARM.attributes
                0x00000598       0x2c CMakeFiles/Scoppppez.dir/C_/VSARM/sdk/pico/pico-sdk/src/rp2_common/pico_stdio/stdio.c.obj
 .ARM.attributes
                0x000005c4       0x2c CMakeFiles/Scoppppez.dir/C_/VSARM/sdk/pico/pico-sdk/src/rp2_common/pico_unique_id/unique_id.c.obj
 .ARM.attributes
                0x000005f0       0x2c CMakeFiles/Scoppppez.dir/C_/VSARM/sdk/pico/pico-sdk/src/rp2_common/hardware_flash/flash.c.obj
 .ARM.attributes
                0x0000061c       0x2c CMakeFiles/Scoppppez.dir/C_/VSARM/sdk/pico/pico-sdk/src/rp2_common/hardware_spi/spi.c.obj
 .ARM.attributes
                0x00000648       0x2c CMakeFiles/Scoppppez.dir/C_/VSARM/sdk/pico/pico-sdk/src/rp2_common/hardware_dma/dma.c.obj
 .ARM.attributes
                0x00000674       0x22 C:\Users\10052\AppData\Local\Temp\cc4vn64L.o
 .ARM.attributes
                0x00000696       0x1e c:/progra~2/gnuarm~1/102020~1/bin/../lib/gcc/arm-none-eabi/10.2.1/thumb/v6-m/nofp\libgcc.a(_dvmd_tls.o)
 .ARM.attributes
                0x000006b4       0x2c c:/progra~2/gnuarm~1/102020~1/bin/../lib/gcc/arm-none-eabi/10.2.1/../../../../arm-none-eabi/lib/thumb/v6-m/nofp\libg.a(lib_a-strlen-stub.o)

.comment        0x00000000       0x4d
 .comment       0x00000000       0x4d CMakeFiles/Scoppppez.dir/main.cpp.obj
                                 0x4e (size before relaxing)
 .comment       0x0000004d       0x4e CMakeFiles/Scoppppez.dir/ILI9341Driver.cpp.obj
 .comment       0x0000004d       0x4e CMakeFiles/Scoppppez.dir/C_/VSARM/sdk/pico/pico-sdk/src/rp2_common/hardware_gpio/gpio.c.obj
 .comment       0x0000004d       0x4e CMakeFiles/Scoppppez.dir/C_/VSARM/sdk/pico/pico-sdk/src/rp2_common/hardware_claim/claim.c.obj
 .comment       0x0000004d       0x4e CMakeFiles/Scoppppez.dir/C_/VSARM/sdk/pico/pico-sdk/src/rp2_common/pico_platform/platform.c.obj
 .comment       0x0000004d       0x4e CMakeFiles/Scoppppez.dir/C_/VSARM/sdk/pico/pico-sdk/src/rp2_common/hardware_sync/sync.c.obj
 .comment       0x0000004d       0x4e CMakeFiles/Scoppppez.dir/C_/VSARM/sdk/pico/pico-sdk/src/common/pico_time/time.c.obj
 .comment       0x0000004d       0x4e CMakeFiles/Scoppppez.dir/C_/VSARM/sdk/pico/pico-sdk/src/rp2_common/hardware_timer/timer.c.obj
 .comment       0x0000004d       0x4e CMakeFiles/Scoppppez.dir/C_/VSARM/sdk/pico/pico-sdk/src/common/pico_sync/lock_core.c.obj
 .comment       0x0000004d       0x4e CMakeFiles/Scoppppez.dir/C_/VSARM/sdk/pico/pico-sdk/src/common/pico_sync/mutex.c.obj
 .comment       0x0000004d       0x4e CMakeFiles/Scoppppez.dir/C_/VSARM/sdk/pico/pico-sdk/src/common/pico_util/pheap.c.obj
 .comment       0x0000004d       0x4e CMakeFiles/Scoppppez.dir/C_/VSARM/sdk/pico/pico-sdk/src/rp2_common/pico_runtime/runtime.c.obj
 .comment       0x0000004d       0x4e CMakeFiles/Scoppppez.dir/C_/VSARM/sdk/pico/pico-sdk/src/rp2_common/hardware_clocks/clocks.c.obj
 .comment       0x0000004d       0x4e CMakeFiles/Scoppppez.dir/C_/VSARM/sdk/pico/pico-sdk/src/rp2_common/hardware_irq/irq.c.obj
 .comment       0x0000004d       0x4e CMakeFiles/Scoppppez.dir/C_/VSARM/sdk/pico/pico-sdk/src/rp2_common/hardware_pll/pll.c.obj
 .comment       0x0000004d       0x4e CMakeFiles/Scoppppez.dir/C_/VSARM/sdk/pico/pico-sdk/src/rp2_common/hardware_watchdog/watchdog.c.obj
 .comment       0x0000004d       0x4e CMakeFiles/Scoppppez.dir/C_/VSARM/sdk/pico/pico-sdk/src/rp2_common/hardware_xosc/xosc.c.obj
 .comment       0x0000004d       0x4e CMakeFiles/Scoppppez.dir/C_/VSARM/sdk/pico/pico-sdk/src/rp2_common/pico_printf/printf.c.obj
 .comment       0x0000004d       0x4e CMakeFiles/Scoppppez.dir/C_/VSARM/sdk/pico/pico-sdk/src/rp2_common/pico_bootrom/bootrom.c.obj
 .comment       0x0000004d       0x4e CMakeFiles/Scoppppez.dir/C_/VSARM/sdk/pico/pico-sdk/src/rp2_common/pico_double/double_init_rom.c.obj
 .comment       0x0000004d       0x4e CMakeFiles/Scoppppez.dir/C_/VSARM/sdk/pico/pico-sdk/src/rp2_common/pico_float/float_init_rom.c.obj
 .comment       0x0000004d       0x4e CMakeFiles/Scoppppez.dir/C_/VSARM/sdk/pico/pico-sdk/src/rp2_common/pico_malloc/pico_malloc.c.obj
 .comment       0x0000004d       0x4e CMakeFiles/Scoppppez.dir/C_/VSARM/sdk/pico/pico-sdk/src/rp2_common/pico_standard_link/binary_info.c.obj
 .comment       0x0000004d       0x4e CMakeFiles/Scoppppez.dir/C_/VSARM/sdk/pico/pico-sdk/src/rp2_common/pico_stdio/stdio.c.obj
 .comment       0x0000004d       0x4e CMakeFiles/Scoppppez.dir/C_/VSARM/sdk/pico/pico-sdk/src/rp2_common/pico_unique_id/unique_id.c.obj
 .comment       0x0000004d       0x4e CMakeFiles/Scoppppez.dir/C_/VSARM/sdk/pico/pico-sdk/src/rp2_common/hardware_flash/flash.c.obj
 .comment       0x0000004d       0x4e CMakeFiles/Scoppppez.dir/C_/VSARM/sdk/pico/pico-sdk/src/rp2_common/hardware_spi/spi.c.obj
 .comment       0x0000004d       0x4e CMakeFiles/Scoppppez.dir/C_/VSARM/sdk/pico/pico-sdk/src/rp2_common/hardware_dma/dma.c.obj

.debug_info     0x00000000    0x1aef9
 .debug_info    0x00000000     0x2377 CMakeFiles/Scoppppez.dir/main.cpp.obj
 .debug_info    0x00002377     0x437b CMakeFiles/Scoppppez.dir/ILI9341Driver.cpp.obj
 .debug_info    0x000066f2     0x1491 CMakeFiles/Scoppppez.dir/C_/VSARM/sdk/pico/pico-sdk/src/rp2_common/hardware_gpio/gpio.c.obj
 .debug_info    0x00007b83      0x6bb CMakeFiles/Scoppppez.dir/C_/VSARM/sdk/pico/pico-sdk/src/rp2_common/hardware_claim/claim.c.obj
 .debug_info    0x0000823e      0x1e3 CMakeFiles/Scoppppez.dir/C_/VSARM/sdk/pico/pico-sdk/src/rp2_common/pico_platform/platform.c.obj
 .debug_info    0x00008421      0x58e CMakeFiles/Scoppppez.dir/C_/VSARM/sdk/pico/pico-sdk/src/rp2_common/hardware_sync/sync.c.obj
 .debug_info    0x000089af     0x3b3b CMakeFiles/Scoppppez.dir/C_/VSARM/sdk/pico/pico-sdk/src/common/pico_time/time.c.obj
 .debug_info    0x0000c4ea     0x1134 CMakeFiles/Scoppppez.dir/C_/VSARM/sdk/pico/pico-sdk/src/rp2_common/hardware_timer/timer.c.obj
 .debug_info    0x0000d61e      0x1a4 CMakeFiles/Scoppppez.dir/C_/VSARM/sdk/pico/pico-sdk/src/common/pico_sync/lock_core.c.obj
 .debug_info    0x0000d7c2     0x2022 CMakeFiles/Scoppppez.dir/C_/VSARM/sdk/pico/pico-sdk/src/common/pico_sync/mutex.c.obj
 .debug_info    0x0000f7e4     0x120c CMakeFiles/Scoppppez.dir/C_/VSARM/sdk/pico/pico-sdk/src/common/pico_util/pheap.c.obj
 .debug_info    0x000109f0      0xa87 CMakeFiles/Scoppppez.dir/C_/VSARM/sdk/pico/pico-sdk/src/rp2_common/pico_runtime/runtime.c.obj
 .debug_info    0x00011477      0xf6c CMakeFiles/Scoppppez.dir/C_/VSARM/sdk/pico/pico-sdk/src/rp2_common/hardware_clocks/clocks.c.obj
 .debug_info    0x000123e3     0x1968 CMakeFiles/Scoppppez.dir/C_/VSARM/sdk/pico/pico-sdk/src/rp2_common/hardware_irq/irq.c.obj
 .debug_info    0x00013d4b       0x26 CMakeFiles/Scoppppez.dir/C_/VSARM/sdk/pico/pico-sdk/src/rp2_common/hardware_irq/irq_handler_chain.S.obj
 .debug_info    0x00013d71      0x51b CMakeFiles/Scoppppez.dir/C_/VSARM/sdk/pico/pico-sdk/src/rp2_common/hardware_pll/pll.c.obj
 .debug_info    0x0001428c      0x4ee CMakeFiles/Scoppppez.dir/C_/VSARM/sdk/pico/pico-sdk/src/rp2_common/hardware_watchdog/watchdog.c.obj
 .debug_info    0x0001477a      0x1d8 CMakeFiles/Scoppppez.dir/C_/VSARM/sdk/pico/pico-sdk/src/rp2_common/hardware_xosc/xosc.c.obj
 .debug_info    0x00014952     0x1a5f CMakeFiles/Scoppppez.dir/C_/VSARM/sdk/pico/pico-sdk/src/rp2_common/pico_printf/printf.c.obj
 .debug_info    0x000163b1       0x22 CMakeFiles/Scoppppez.dir/C_/VSARM/sdk/pico/pico-sdk/src/rp2_common/pico_bit_ops/bit_ops_aeabi.S.obj
 .debug_info    0x000163d3      0x27c CMakeFiles/Scoppppez.dir/C_/VSARM/sdk/pico/pico-sdk/src/rp2_common/pico_bootrom/bootrom.c.obj
 .debug_info    0x0001664f       0x22 CMakeFiles/Scoppppez.dir/C_/VSARM/sdk/pico/pico-sdk/src/rp2_common/pico_divider/divider.S.obj
 .debug_info    0x00016671       0x22 CMakeFiles/Scoppppez.dir/C_/VSARM/sdk/pico/pico-sdk/src/rp2_common/pico_double/double_aeabi.S.obj
 .debug_info    0x00016693      0x2d1 CMakeFiles/Scoppppez.dir/C_/VSARM/sdk/pico/pico-sdk/src/rp2_common/pico_double/double_init_rom.c.obj
 .debug_info    0x00016964       0x22 CMakeFiles/Scoppppez.dir/C_/VSARM/sdk/pico/pico-sdk/src/rp2_common/pico_double/double_v1_rom_shim.S.obj
 .debug_info    0x00016986       0x26 CMakeFiles/Scoppppez.dir/C_/VSARM/sdk/pico/pico-sdk/src/rp2_common/pico_int64_ops/pico_int64_ops_aeabi.S.obj
 .debug_info    0x000169ac       0x22 CMakeFiles/Scoppppez.dir/C_/VSARM/sdk/pico/pico-sdk/src/rp2_common/pico_float/float_aeabi.S.obj
 .debug_info    0x000169ce      0x2eb CMakeFiles/Scoppppez.dir/C_/VSARM/sdk/pico/pico-sdk/src/rp2_common/pico_float/float_init_rom.c.obj
 .debug_info    0x00016cb9       0x22 CMakeFiles/Scoppppez.dir/C_/VSARM/sdk/pico/pico-sdk/src/rp2_common/pico_float/float_v1_rom_shim.S.obj
 .debug_info    0x00016cdb      0x3c3 CMakeFiles/Scoppppez.dir/C_/VSARM/sdk/pico/pico-sdk/src/rp2_common/pico_malloc/pico_malloc.c.obj
 .debug_info    0x0001709e       0x22 CMakeFiles/Scoppppez.dir/C_/VSARM/sdk/pico/pico-sdk/src/rp2_common/pico_mem_ops/mem_ops_aeabi.S.obj
 .debug_info    0x000170c0       0x22 CMakeFiles/Scoppppez.dir/C_/VSARM/sdk/pico/pico-sdk/src/rp2_common/pico_standard_link/crt0.S.obj
 .debug_info    0x000170e2      0x2f6 CMakeFiles/Scoppppez.dir/C_/VSARM/sdk/pico/pico-sdk/src/rp2_common/pico_standard_link/binary_info.c.obj
 .debug_info    0x000173d8     0x12ed CMakeFiles/Scoppppez.dir/C_/VSARM/sdk/pico/pico-sdk/src/rp2_common/pico_stdio/stdio.c.obj
 .debug_info    0x000186c5      0x257 CMakeFiles/Scoppppez.dir/C_/VSARM/sdk/pico/pico-sdk/src/rp2_common/pico_unique_id/unique_id.c.obj
 .debug_info    0x0001891c      0xf22 CMakeFiles/Scoppppez.dir/C_/VSARM/sdk/pico/pico-sdk/src/rp2_common/hardware_flash/flash.c.obj
 .debug_info    0x0001983e     0x10c8 CMakeFiles/Scoppppez.dir/C_/VSARM/sdk/pico/pico-sdk/src/rp2_common/hardware_spi/spi.c.obj
 .debug_info    0x0001a906      0x5f3 CMakeFiles/Scoppppez.dir/C_/VSARM/sdk/pico/pico-sdk/src/rp2_common/hardware_dma/dma.c.obj

.debug_abbrev   0x00000000     0x4c2c
 .debug_abbrev  0x00000000      0x457 CMakeFiles/Scoppppez.dir/main.cpp.obj
 .debug_abbrev  0x00000457      0x679 CMakeFiles/Scoppppez.dir/ILI9341Driver.cpp.obj
 .debug_abbrev  0x00000ad0      0x2c4 CMakeFiles/Scoppppez.dir/C_/VSARM/sdk/pico/pico-sdk/src/rp2_common/hardware_gpio/gpio.c.obj
 .debug_abbrev  0x00000d94      0x2e9 CMakeFiles/Scoppppez.dir/C_/VSARM/sdk/pico/pico-sdk/src/rp2_common/hardware_claim/claim.c.obj
 .debug_abbrev  0x0000107d       0xeb CMakeFiles/Scoppppez.dir/C_/VSARM/sdk/pico/pico-sdk/src/rp2_common/pico_platform/platform.c.obj
 .debug_abbrev  0x00001168      0x21b CMakeFiles/Scoppppez.dir/C_/VSARM/sdk/pico/pico-sdk/src/rp2_common/hardware_sync/sync.c.obj
 .debug_abbrev  0x00001383      0x54d CMakeFiles/Scoppppez.dir/C_/VSARM/sdk/pico/pico-sdk/src/common/pico_time/time.c.obj
 .debug_abbrev  0x000018d0      0x3a2 CMakeFiles/Scoppppez.dir/C_/VSARM/sdk/pico/pico-sdk/src/rp2_common/hardware_timer/timer.c.obj
 .debug_abbrev  0x00001c72      0x116 CMakeFiles/Scoppppez.dir/C_/VSARM/sdk/pico/pico-sdk/src/common/pico_sync/lock_core.c.obj
 .debug_abbrev  0x00001d88      0x386 CMakeFiles/Scoppppez.dir/C_/VSARM/sdk/pico/pico-sdk/src/common/pico_sync/mutex.c.obj
 .debug_abbrev  0x0000210e      0x297 CMakeFiles/Scoppppez.dir/C_/VSARM/sdk/pico/pico-sdk/src/common/pico_util/pheap.c.obj
 .debug_abbrev  0x000023a5      0x3aa CMakeFiles/Scoppppez.dir/C_/VSARM/sdk/pico/pico-sdk/src/rp2_common/pico_runtime/runtime.c.obj
 .debug_abbrev  0x0000274f      0x3a5 CMakeFiles/Scoppppez.dir/C_/VSARM/sdk/pico/pico-sdk/src/rp2_common/hardware_clocks/clocks.c.obj
 .debug_abbrev  0x00002af4      0x4cd CMakeFiles/Scoppppez.dir/C_/VSARM/sdk/pico/pico-sdk/src/rp2_common/hardware_irq/irq.c.obj
 .debug_abbrev  0x00002fc1       0x14 CMakeFiles/Scoppppez.dir/C_/VSARM/sdk/pico/pico-sdk/src/rp2_common/hardware_irq/irq_handler_chain.S.obj
 .debug_abbrev  0x00002fd5      0x1ea CMakeFiles/Scoppppez.dir/C_/VSARM/sdk/pico/pico-sdk/src/rp2_common/hardware_pll/pll.c.obj
 .debug_abbrev  0x000031bf      0x1a8 CMakeFiles/Scoppppez.dir/C_/VSARM/sdk/pico/pico-sdk/src/rp2_common/hardware_watchdog/watchdog.c.obj
 .debug_abbrev  0x00003367      0x109 CMakeFiles/Scoppppez.dir/C_/VSARM/sdk/pico/pico-sdk/src/rp2_common/hardware_xosc/xosc.c.obj
 .debug_abbrev  0x00003470      0x384 CMakeFiles/Scoppppez.dir/C_/VSARM/sdk/pico/pico-sdk/src/rp2_common/pico_printf/printf.c.obj
 .debug_abbrev  0x000037f4       0x12 CMakeFiles/Scoppppez.dir/C_/VSARM/sdk/pico/pico-sdk/src/rp2_common/pico_bit_ops/bit_ops_aeabi.S.obj
 .debug_abbrev  0x00003806      0x13b CMakeFiles/Scoppppez.dir/C_/VSARM/sdk/pico/pico-sdk/src/rp2_common/pico_bootrom/bootrom.c.obj
 .debug_abbrev  0x00003941       0x12 CMakeFiles/Scoppppez.dir/C_/VSARM/sdk/pico/pico-sdk/src/rp2_common/pico_divider/divider.S.obj
 .debug_abbrev  0x00003953       0x12 CMakeFiles/Scoppppez.dir/C_/VSARM/sdk/pico/pico-sdk/src/rp2_common/pico_double/double_aeabi.S.obj
 .debug_abbrev  0x00003965      0x179 CMakeFiles/Scoppppez.dir/C_/VSARM/sdk/pico/pico-sdk/src/rp2_common/pico_double/double_init_rom.c.obj
 .debug_abbrev  0x00003ade       0x12 CMakeFiles/Scoppppez.dir/C_/VSARM/sdk/pico/pico-sdk/src/rp2_common/pico_double/double_v1_rom_shim.S.obj
 .debug_abbrev  0x00003af0       0x14 CMakeFiles/Scoppppez.dir/C_/VSARM/sdk/pico/pico-sdk/src/rp2_common/pico_int64_ops/pico_int64_ops_aeabi.S.obj
 .debug_abbrev  0x00003b04       0x12 CMakeFiles/Scoppppez.dir/C_/VSARM/sdk/pico/pico-sdk/src/rp2_common/pico_float/float_aeabi.S.obj
 .debug_abbrev  0x00003b16      0x18c CMakeFiles/Scoppppez.dir/C_/VSARM/sdk/pico/pico-sdk/src/rp2_common/pico_float/float_init_rom.c.obj
 .debug_abbrev  0x00003ca2       0x12 CMakeFiles/Scoppppez.dir/C_/VSARM/sdk/pico/pico-sdk/src/rp2_common/pico_float/float_v1_rom_shim.S.obj
 .debug_abbrev  0x00003cb4      0x1cf CMakeFiles/Scoppppez.dir/C_/VSARM/sdk/pico/pico-sdk/src/rp2_common/pico_malloc/pico_malloc.c.obj
 .debug_abbrev  0x00003e83       0x12 CMakeFiles/Scoppppez.dir/C_/VSARM/sdk/pico/pico-sdk/src/rp2_common/pico_mem_ops/mem_ops_aeabi.S.obj
 .debug_abbrev  0x00003e95       0x12 CMakeFiles/Scoppppez.dir/C_/VSARM/sdk/pico/pico-sdk/src/rp2_common/pico_standard_link/crt0.S.obj
 .debug_abbrev  0x00003ea7       0xad CMakeFiles/Scoppppez.dir/C_/VSARM/sdk/pico/pico-sdk/src/rp2_common/pico_standard_link/binary_info.c.obj
 .debug_abbrev  0x00003f54      0x4a7 CMakeFiles/Scoppppez.dir/C_/VSARM/sdk/pico/pico-sdk/src/rp2_common/pico_stdio/stdio.c.obj
 .debug_abbrev  0x000043fb      0x163 CMakeFiles/Scoppppez.dir/C_/VSARM/sdk/pico/pico-sdk/src/rp2_common/pico_unique_id/unique_id.c.obj
 .debug_abbrev  0x0000455e      0x2b6 CMakeFiles/Scoppppez.dir/C_/VSARM/sdk/pico/pico-sdk/src/rp2_common/hardware_flash/flash.c.obj
 .debug_abbrev  0x00004814      0x2af CMakeFiles/Scoppppez.dir/C_/VSARM/sdk/pico/pico-sdk/src/rp2_common/hardware_spi/spi.c.obj
 .debug_abbrev  0x00004ac3      0x169 CMakeFiles/Scoppppez.dir/C_/VSARM/sdk/pico/pico-sdk/src/rp2_common/hardware_dma/dma.c.obj

.debug_loc      0x00000000     0xf938
 .debug_loc     0x00000000      0x114 CMakeFiles/Scoppppez.dir/main.cpp.obj
 .debug_loc     0x00000114     0x1514 CMakeFiles/Scoppppez.dir/ILI9341Driver.cpp.obj
 .debug_loc     0x00001628      0xede CMakeFiles/Scoppppez.dir/C_/VSARM/sdk/pico/pico-sdk/src/rp2_common/hardware_gpio/gpio.c.obj
 .debug_loc     0x00002506      0x45f CMakeFiles/Scoppppez.dir/C_/VSARM/sdk/pico/pico-sdk/src/rp2_common/hardware_claim/claim.c.obj
 .debug_loc     0x00002965       0xe9 CMakeFiles/Scoppppez.dir/C_/VSARM/sdk/pico/pico-sdk/src/rp2_common/pico_platform/platform.c.obj
 .debug_loc     0x00002a4e      0x233 CMakeFiles/Scoppppez.dir/C_/VSARM/sdk/pico/pico-sdk/src/rp2_common/hardware_sync/sync.c.obj
 .debug_loc     0x00002c81     0x2e2a CMakeFiles/Scoppppez.dir/C_/VSARM/sdk/pico/pico-sdk/src/common/pico_time/time.c.obj
 .debug_loc     0x00005aab      0x952 CMakeFiles/Scoppppez.dir/C_/VSARM/sdk/pico/pico-sdk/src/rp2_common/hardware_timer/timer.c.obj
 .debug_loc     0x000063fd       0x60 CMakeFiles/Scoppppez.dir/C_/VSARM/sdk/pico/pico-sdk/src/common/pico_sync/lock_core.c.obj
 .debug_loc     0x0000645d     0x1469 CMakeFiles/Scoppppez.dir/C_/VSARM/sdk/pico/pico-sdk/src/common/pico_sync/mutex.c.obj
 .debug_loc     0x000078c6     0x1439 CMakeFiles/Scoppppez.dir/C_/VSARM/sdk/pico/pico-sdk/src/common/pico_util/pheap.c.obj
 .debug_loc     0x00008cff      0x3ff CMakeFiles/Scoppppez.dir/C_/VSARM/sdk/pico/pico-sdk/src/rp2_common/pico_runtime/runtime.c.obj
 .debug_loc     0x000090fe      0x7eb CMakeFiles/Scoppppez.dir/C_/VSARM/sdk/pico/pico-sdk/src/rp2_common/hardware_clocks/clocks.c.obj
 .debug_loc     0x000098e9     0x1274 CMakeFiles/Scoppppez.dir/C_/VSARM/sdk/pico/pico-sdk/src/rp2_common/hardware_irq/irq.c.obj
 .debug_loc     0x0000ab5d      0x300 CMakeFiles/Scoppppez.dir/C_/VSARM/sdk/pico/pico-sdk/src/rp2_common/hardware_pll/pll.c.obj
 .debug_loc     0x0000ae5d      0x2ec CMakeFiles/Scoppppez.dir/C_/VSARM/sdk/pico/pico-sdk/src/rp2_common/hardware_watchdog/watchdog.c.obj
 .debug_loc     0x0000b149       0x71 CMakeFiles/Scoppppez.dir/C_/VSARM/sdk/pico/pico-sdk/src/rp2_common/hardware_xosc/xosc.c.obj
 .debug_loc     0x0000b1ba     0x2095 CMakeFiles/Scoppppez.dir/C_/VSARM/sdk/pico/pico-sdk/src/rp2_common/pico_printf/printf.c.obj
 .debug_loc     0x0000d24f      0x1a1 CMakeFiles/Scoppppez.dir/C_/VSARM/sdk/pico/pico-sdk/src/rp2_common/pico_bootrom/bootrom.c.obj
 .debug_loc     0x0000d3f0       0x59 CMakeFiles/Scoppppez.dir/C_/VSARM/sdk/pico/pico-sdk/src/rp2_common/pico_double/double_init_rom.c.obj
 .debug_loc     0x0000d449       0x73 CMakeFiles/Scoppppez.dir/C_/VSARM/sdk/pico/pico-sdk/src/rp2_common/pico_float/float_init_rom.c.obj
 .debug_loc     0x0000d4bc      0x1e8 CMakeFiles/Scoppppez.dir/C_/VSARM/sdk/pico/pico-sdk/src/rp2_common/pico_malloc/pico_malloc.c.obj
 .debug_loc     0x0000d6a4      0xbad CMakeFiles/Scoppppez.dir/C_/VSARM/sdk/pico/pico-sdk/src/rp2_common/pico_stdio/stdio.c.obj
 .debug_loc     0x0000e251       0xff CMakeFiles/Scoppppez.dir/C_/VSARM/sdk/pico/pico-sdk/src/rp2_common/pico_unique_id/unique_id.c.obj
 .debug_loc     0x0000e350      0x909 CMakeFiles/Scoppppez.dir/C_/VSARM/sdk/pico/pico-sdk/src/rp2_common/hardware_flash/flash.c.obj
 .debug_loc     0x0000ec59      0xab5 CMakeFiles/Scoppppez.dir/C_/VSARM/sdk/pico/pico-sdk/src/rp2_common/hardware_spi/spi.c.obj